#
# There is insufficient memory for the Java Runtime Environment to continue.
# Native memory allocation (malloc) failed to allocate 1404096 bytes. Error detail: Chunk::new
# Possible reasons:
#   The system is out of physical RAM or swap space
#   This process is running with CompressedOops enabled, and the Java Heap may be blocking the growth of the native heap
# Possible solutions:
#   Reduce memory load on the system
#   Increase physical memory or swap space
#   Check if swap backing store is full
#   Decrease Java heap size (-Xmx/-Xms)
#   Decrease number of Java threads
#   Decrease Java thread stack sizes (-Xss)
#   Set larger code cache with -XX:ReservedCodeCacheSize=
#   JVM is running with Unscaled Compressed Oops mode in which the Java heap is
#     placed in the first 4GB address space. The Java Heap base address is the
#     maximum limit for the native heap growth. Please use -XX:HeapBaseMinAddress
#     to set the Java Heap base and to place the Java Heap above 4GB virtual address.
# This output file may be truncated or incomplete.
#
#  Out of Memory Error (arena.cpp:149), pid=820, tid=13292
#
# JRE version: Java(TM) SE Runtime Environment (23.0.2+7) (build 23.0.2+7-58)
# Java VM: Java HotSpot(TM) 64-Bit Server VM (23.0.2+7-58, mixed mode, sharing, tiered, compressed oops, compressed class ptrs, g1 gc, windows-amd64)
# No core dump will be written. Minidumps are not enabled by default on client versions of Windows
#

---------------  S U M M A R Y ------------

Command Line: --add-opens=java.base/java.lang=ALL-UNNAMED --add-opens=java.base/java.lang.invoke=ALL-UNNAMED --add-opens=java.base/java.util=ALL-UNNAMED --add-opens=java.prefs/java.util.prefs=ALL-UNNAMED --add-exports=jdk.compiler/com.sun.tools.javac.api=ALL-UNNAMED --add-exports=jdk.compiler/com.sun.tools.javac.util=ALL-UNNAMED --add-opens=java.base/java.nio.charset=ALL-UNNAMED --add-opens=java.base/java.net=ALL-UNNAMED --add-opens=java.base/java.util.concurrent=ALL-UNNAMED --add-opens=java.base/java.util.concurrent.atomic=ALL-UNNAMED --add-opens=java.xml/javax.xml.namespace=ALL-UNNAMED --add-opens=java.base/java.time=ALL-UNNAMED -XX:MaxMetaspaceSize=384m -XX:+HeapDumpOnOutOfMemoryError -Xms256m -Xmx512m -Dfile.encoding=UTF-8 -Duser.country=CO -Duser.language=es -Duser.variant -javaagent:C:\Users\ACER\.gradle\wrapper\dists\gradle-9.7.1-bin\1w1c7tv4s851m17nbqdsro2tv\gradle-9.7.1\lib\agents\gradle-instrumentation-agent-9.7.1.jar org.gradle.launcher.daemon.bootstrap.GradleDaemon 9.7.1

Host: Intel(R) Core(TM) i3-8130U CPU @ 2.20GHz, 4 cores, 3G,  Windows 11 , 64 bit Build 26100 (10.0.26100.9444)
Time: Tue Oct  6 16:07:57 2026 Hora est. Pacífico, Sudamérica elapsed time: 241.735803 seconds (0d 0h 4m 1s)

---------------  T H R E A D  ---------------

Current thread (0x0000014c95031a80):  JavaThread "C2 CompilerThread0" daemon [_thread_in_native, id=13292, stack(0x0000002954600000,0x0000002954700000) (1024K)]


Current CompileTask:
C2:241736 21116       4       org.gradle.api.internal.artifacts.ivyservice.ivyresolve.ExternalModuleComponentResolverFactory::createResolvers (375 bytes)

Stack: [0x0000002954600000,0x0000002954700000]
Native frames: (J=compiled Java code, j=interpreted, Vv=VM code, C=native code)
V  [jvm.dll+0x6e0b99]  (no source info available)
V  [jvm.dll+0x87e2b3]  (no source info available)
V  [jvm.dll+0x88073e]  (no source info available)
V  [jvm.dll+0x880e13]  (no source info available)
V  [jvm.dll+0x27b006]  (no source info available)
V  [jvm.dll+0xbc06f]  (no source info available)
V  [jvm.dll+0xbc2cb]  (no source info available)
V  [jvm.dll+0x2eea6d]  (no source info available)
V  [jvm.dll+0x606669]  (no source info available)
V  [jvm.dll+0x24def2]  (no source info available)
V  [jvm.dll+0x24681d]  (no source info available)
V  [jvm.dll+0x243e04]  (no source info available)
V  [jvm.dll+0x1c34b0]  (no source info available)
V  [jvm.dll+0x253df1]  (no source info available)
V  [jvm.dll+0x2520aa]  (no source info available)
V  [jvm.dll+0x3ee226]  (no source info available)
V  [jvm.dll+0x8254cb]  (no source info available)
V  [jvm.dll+0x6df345]  (no source info available)
C  [ucrtbase.dll+0x2cd30]  (no source info available)
C  [KERNEL32.DLL+0x2cd87]  (no source info available)
C  [ntdll.dll+0xacaec]  (no source info available)

Lock stack of current Java thread (top to bottom):


---------------  P R O C E S S  ---------------

Threads class SMR info:
_java_thread_list=0x0000014c9fcd21f0, length=42, elements={
0x0000014cd74fcc80, 0x0000014c9501cce0, 0x0000014c9501d940, 0x0000014c95024fa0,
0x0000014c95025db0, 0x0000014c95027380, 0x0000014c95029830, 0x0000014c95031a80,
0x0000014c950380c0, 0x0000014c95128c00, 0x0000014c95306c80, 0x0000014c9b3e8610,
0x0000014c9bade290, 0x0000014c9bb82a30, 0x0000014c9bb7fce0, 0x0000014c9bc07640,
0x0000014c9bc0ac70, 0x0000014c9bc09f50, 0x0000014c9bc08510, 0x0000014c9c81f9c0,
0x0000014c9c81e610, 0x0000014c9c820050, 0x0000014c9c81f330, 0x0000014c9c81eca0,
0x0000014c9c823b60, 0x0000014c9c8227b0, 0x0000014c9e91a4e0, 0x0000014c9efc64e0,
0x0000014c9e919130, 0x0000014c9e91dff0, 0x0000014c9e91cc40, 0x0000014c9ecdec20,
0x0000014c9ecdc4c0, 0x0000014c9ecdd1e0, 0x0000014c9ecdcb50, 0x0000014c9ece3450,
0x0000014c9ece20a0, 0x0000014c9ece0cf0, 0x0000014c9ece1380, 0x0000014c9c7a66f0,
0x0000014c9c7a5340, 0x0000014c9c7a3270
}

Java Threads: ( => current thread )
  0x0000014cd74fcc80 JavaThread "main"                              [_thread_blocked, id=12380, stack(0x0000002953800000,0x0000002953900000) (1024K)]
  0x0000014c9501cce0 JavaThread "Reference Handler"          daemon [_thread_blocked, id=12168, stack(0x0000002954000000,0x0000002954100000) (1024K)]
  0x0000014c9501d940 JavaThread "Finalizer"                  daemon [_thread_blocked, id=13480, stack(0x0000002954100000,0x0000002954200000) (1024K)]
  0x0000014c95024fa0 JavaThread "Signal Dispatcher"          daemon [_thread_blocked, id=13488, stack(0x0000002954200000,0x0000002954300000) (1024K)]
  0x0000014c95025db0 JavaThread "Attach Listener"            daemon [_thread_blocked, id=10148, stack(0x0000002954300000,0x0000002954400000) (1024K)]
  0x0000014c95027380 JavaThread "Service Thread"             daemon [_thread_blocked, id=9384, stack(0x0000002954400000,0x0000002954500000) (1024K)]
  0x0000014c95029830 JavaThread "Monitor Deflation Thread"   daemon [_thread_blocked, id=10680, stack(0x0000002954500000,0x0000002954600000) (1024K)]
=>0x0000014c95031a80 JavaThread "C2 CompilerThread0"         daemon [_thread_in_native, id=13292, stack(0x0000002954600000,0x0000002954700000) (1024K)]
  0x0000014c950380c0 JavaThread "C1 CompilerThread0"         daemon [_thread_blocked, id=13936, stack(0x0000002954700000,0x0000002954800000) (1024K)]
  0x0000014c95128c00 JavaThread "Common-Cleaner"             daemon [_thread_blocked, id=11668, stack(0x0000002954800000,0x0000002954900000) (1024K)]
  0x0000014c95306c80 JavaThread "Notification Thread"        daemon [_thread_blocked, id=2340, stack(0x0000002954900000,0x0000002954a00000) (1024K)]
  0x0000014c9b3e8610 JavaThread "Daemon health stats"               [_thread_blocked, id=8044, stack(0x0000002954d00000,0x0000002954e00000) (1024K)]
  0x0000014c9bade290 JavaThread "Incoming local TCP Connector on port 49750"        [_thread_in_native, id=13264, stack(0x0000002954e00000,0x0000002954f00000) (1024K)]
  0x0000014c9bb82a30 JavaThread "Daemon periodic checks"            [_thread_blocked, id=3996, stack(0x0000002954f00000,0x0000002955000000) (1024K)]
  0x0000014c9bb7fce0 JavaThread "Daemon"                            [_thread_blocked, id=5340, stack(0x0000002955000000,0x0000002955100000) (1024K)]
  0x0000014c9bc07640 JavaThread "Daemon worker"                     [_thread_in_Java, id=12612, stack(0x0000002955300000,0x0000002955400000) (1024K)]
  0x0000014c9bc0ac70 JavaThread "Cache worker for journal cache (C:\Users\ACER\.gradle\caches\journal-1)"        [_thread_blocked, id=4884, stack(0x0000002955700000,0x0000002955800000) (1024K)]
  0x0000014c9bc09f50 JavaThread "File lock request listener"        [_thread_in_native, id=14056, stack(0x0000002955800000,0x0000002955900000) (1024K)]
  0x0000014c9bc08510 JavaThread "Cache worker for file hash cache (C:\Users\ACER\.gradle\caches\9.7.1\fileHashes)"        [_thread_blocked, id=11068, stack(0x0000002955900000,0x0000002955a00000) (1024K)]
  0x0000014c9c81f9c0 JavaThread "File watcher server"        daemon [_thread_in_native, id=13960, stack(0x0000002955d00000,0x0000002955e00000) (1024K)]
  0x0000014c9c81e610 JavaThread "File watcher consumer"      daemon [_thread_blocked, id=12240, stack(0x0000002955e00000,0x0000002955f00000) (1024K)]
  0x0000014c9c820050 JavaThread "jar transforms"                    [_thread_blocked, id=13200, stack(0x0000002955f00000,0x0000002956000000) (1024K)]
  0x0000014c9c81f330 JavaThread "jar transforms Thread 2"           [_thread_blocked, id=10708, stack(0x0000002956000000,0x0000002956100000) (1024K)]
  0x0000014c9c81eca0 JavaThread "jar transforms Thread 3"           [_thread_blocked, id=7996, stack(0x0000002956100000,0x0000002956200000) (1024K)]
  0x0000014c9c823b60 JavaThread "Cache worker for file content cache (C:\Users\ACER\.gradle\caches\9.7.1\fileContent)"        [_thread_blocked, id=14256, stack(0x0000002956200000,0x0000002956300000) (1024K)]
  0x0000014c9c8227b0 JavaThread "jar transforms Thread 4"           [_thread_blocked, id=14328, stack(0x0000002956600000,0x0000002956700000) (1024K)]
  0x0000014c9e91a4e0 JavaThread "Memory manager"                    [_thread_blocked, id=12416, stack(0x0000002956b00000,0x0000002956c00000) (1024K)]
  0x0000014c9efc64e0 JavaThread "VFS cleanup"                       [_thread_blocked, id=13856, stack(0x0000002955400000,0x0000002955500000) (1024K)]
  0x0000014c9e919130 JavaThread "Handler for socket connection from /127.0.0.1:49750 to /127.0.0.1:49249"        [_thread_in_native, id=5548, stack(0x0000002953500000,0x0000002953600000) (1024K)]
  0x0000014c9e91dff0 JavaThread "Cancel handler"                    [_thread_blocked, id=11620, stack(0x0000002953600000,0x0000002953700000) (1024K)]
  0x0000014c9e91cc40 JavaThread "Asynchronous log dispatcher for DefaultDaemonConnection: socket connection from /127.0.0.1:49750 to /127.0.0.1:49249"        [_thread_in_native, id=3780, stack(0x0000002953700000,0x0000002953800000) (1024K)]
  0x0000014c9ecdec20 JavaThread "Stdin handler"                     [_thread_blocked, id=12444, stack(0x0000002955100000,0x0000002955200000) (1024K)]
  0x0000014c9ecdc4c0 JavaThread "Daemon client event forwarder"        [_thread_blocked, id=3168, stack(0x0000002955200000,0x0000002955300000) (1024K)]
  0x0000014c9ecdd1e0 JavaThread "Cache worker for file hash cache (C:\Users\ACER\Desktop\Nexo_parking\Nexo_parking\parking\.gradle\9.7.1\fileHashes)"        [_thread_blocked, id=12520, stack(0x0000002955500000,0x0000002955600000) (1024K)]
  0x0000014c9ecdcb50 JavaThread "Cache worker for Build Output Cleanup Cache (C:\Users\ACER\Desktop\Nexo_parking\Nexo_parking\parking\.gradle\buildOutputCleanup)"        [_thread_blocked, id=3472, stack(0x0000002955600000,0x0000002955700000) (1024K)]
  0x0000014c9ece3450 JavaThread "Cache worker for checksums cache (C:\Users\ACER\Desktop\Nexo_parking\Nexo_parking\parking\.gradle\9.7.1\checksums)"        [_thread_blocked, id=10312, stack(0x0000002955a00000,0x0000002955b00000) (1024K)]
  0x0000014c9ece20a0 JavaThread "Cache worker for cache directory md-supplier (C:\Users\ACER\.gradle\caches\9.7.1\md-supplier)"        [_thread_blocked, id=11548, stack(0x0000002955b00000,0x0000002955c00000) (1024K)]
  0x0000014c9ece0cf0 JavaThread "Cache worker for cache directory md-rule (C:\Users\ACER\.gradle\caches\9.7.1\md-rule)"        [_thread_blocked, id=10356, stack(0x0000002955c00000,0x0000002955d00000) (1024K)]
  0x0000014c9ece1380 JavaThread "Build operations"                  [_thread_blocked, id=11424, stack(0x0000002956300000,0x0000002956400000) (1024K)]
  0x0000014c9c7a66f0 JavaThread "Build operations Thread 2"         [_thread_blocked, id=14584, stack(0x0000002956400000,0x0000002956500000) (1024K)]
  0x0000014c9c7a5340 JavaThread "Build operations Thread 3"         [_thread_blocked, id=13476, stack(0x0000002956500000,0x0000002956600000) (1024K)]
  0x0000014c9c7a3270 JavaThread "Build operations Thread 4"         [_thread_blocked, id=15588, stack(0x0000002956700000,0x0000002956800000) (1024K)]
Total: 42

Other Threads:
  0x0000014cf3f1e9a0 VMThread "VM Thread"                           [id=2672, stack(0x0000002953f00000,0x0000002954000000) (1024K)]
  0x0000014cf3f10440 WatcherThread "VM Periodic Task Thread"        [id=8872, stack(0x0000002953e00000,0x0000002953f00000) (1024K)]
  0x0000014cd7a11950 WorkerThread "GC Thread#0"                     [id=5844, stack(0x0000002953900000,0x0000002953a00000) (1024K)]
  0x0000014c9566cca0 WorkerThread "GC Thread#1"                     [id=3988, stack(0x0000002954a00000,0x0000002954b00000) (1024K)]
  0x0000014c953c5a50 WorkerThread "GC Thread#2"                     [id=6408, stack(0x0000002954b00000,0x0000002954c00000) (1024K)]
  0x0000014c954855e0 WorkerThread "GC Thread#3"                     [id=11648, stack(0x0000002954c00000,0x0000002954d00000) (1024K)]
  0x0000014cd7a17930 ConcurrentGCThread "G1 Main Marker"            [id=7140, stack(0x0000002953a00000,0x0000002953b00000) (1024K)]
  0x0000014cd7a18350 WorkerThread "G1 Conc#0"                       [id=11040, stack(0x0000002953b00000,0x0000002953c00000) (1024K)]
  0x0000014cf3de1e80 ConcurrentGCThread "G1 Refine#0"               [id=12164, stack(0x0000002953c00000,0x0000002953d00000) (1024K)]
  0x0000014cf3de3820 ConcurrentGCThread "G1 Service"                [id=13432, stack(0x0000002953d00000,0x0000002953e00000) (1024K)]
Total: 10

Threads with active compile tasks:
C2 CompilerThread0  241920 21116       4       org.gradle.api.internal.artifacts.ivyservice.ivyresolve.ExternalModuleComponentResolverFactory::createResolvers (375 bytes)
Total: 1

VM state: not at safepoint (normal execution)

VM Mutex/Monitor currently owned by a thread: None

Heap address: 0x00000000e0000000, size: 512 MB, Compressed Oops mode: 32-bit

CDS archive(s) mapped at: [0x0000014c80000000-0x0000014c80d70000-0x0000014c80d70000), size 14090240, SharedBaseAddress: 0x0000014c80000000, ArchiveRelocationMode: 1.
Compressed class space mapped at: 0x0000014c81000000-0x0000014c95000000, reserved size: 335544320
Narrow klass base: 0x0000014c80000000, Narrow klass shift: 0, Narrow klass range: 0x15000000

GC Precious Log:
 CardTable entry size: 512
 Card Set container configuration: InlinePtr #cards 5 size 8 Array Of Cards #cards 10 size 36 Howl #buckets 4 coarsen threshold 1843 Howl Bitmap #cards 512 size 80 coarsen threshold 460 Card regions per heap region 1 cards per card region 2048
 CPUs: 4 total, 4 available
 Memory: 3973M
 Large Page Support: Disabled
 NUMA Support: Disabled
 Compressed Oops: Enabled (32-bit)
 Heap Region Size: 1M
 Heap Min Capacity: 256M
 Heap Initial Capacity: 256M
 Heap Max Capacity: 512M
 Pre-touch: Disabled
 Parallel Workers: 4
 Concurrent Workers: 1
 Concurrent Refinement Workers: 4
 Periodic GC: Disabled

Heap:
 garbage-first heap   total reserved 524288K, committed 262144K, used 82284K [0x00000000e0000000, 0x0000000100000000)
  region size 1024K, 26 young (26624K), 8 survivors (8192K)
 Metaspace       used 72469K, committed 75200K, reserved 393216K
  class space    used 10246K, committed 11584K, reserved 327680K

Heap Regions: E=young(eden), S=young(survivor), O=old, HS=humongous(starts), HC=humongous(continues), CS=collection set, F=free, TAMS=top-at-mark-start, PB=parsable bottom
|   0|0x00000000e0000000, 0x00000000e0100000, 0x00000000e0100000|100%| O|  |TAMS 0x00000000e0000000| PB 0x00000000e0000000| Untracked |  0
|   1|0x00000000e0100000, 0x00000000e0200000, 0x00000000e0200000|100%| O|  |TAMS 0x00000000e0100000| PB 0x00000000e0100000| Untracked |  0
|   2|0x00000000e0200000, 0x00000000e0300000, 0x00000000e0300000|100%|HS|  |TAMS 0x00000000e0200000| PB 0x00000000e0200000| Complete |  0
|   3|0x00000000e0300000, 0x00000000e0400000, 0x00000000e0400000|100%|HC|  |TAMS 0x00000000e0300000| PB 0x00000000e0300000| Complete |  0
|   4|0x00000000e0400000, 0x00000000e0500000, 0x00000000e0500000|100%|HC|  |TAMS 0x00000000e0400000| PB 0x00000000e0400000| Complete |  0
|   5|0x00000000e0500000, 0x00000000e0600000, 0x00000000e0600000|100%|HC|  |TAMS 0x00000000e0500000| PB 0x00000000e0500000| Complete |  0
|   6|0x00000000e0600000, 0x00000000e0700000, 0x00000000e0700000|100%| O|  |TAMS 0x00000000e0600000| PB 0x00000000e0600000| Untracked |  0
|   7|0x00000000e0700000, 0x00000000e0800000, 0x00000000e0800000|100%| O|  |TAMS 0x00000000e0700000| PB 0x00000000e0700000| Untracked |  0
|   8|0x00000000e0800000, 0x00000000e0900000, 0x00000000e0900000|100%| O|  |TAMS 0x00000000e0800000| PB 0x00000000e0800000| Untracked |  0
|   9|0x00000000e0900000, 0x00000000e0a00000, 0x00000000e0a00000|100%| O|  |TAMS 0x00000000e0900000| PB 0x00000000e0900000| Untracked |  0
|  10|0x00000000e0a00000, 0x00000000e0b00000, 0x00000000e0b00000|100%|HS|  |TAMS 0x00000000e0a00000| PB 0x00000000e0a00000| Complete |  0
|  11|0x00000000e0b00000, 0x00000000e0c00000, 0x00000000e0c00000|100%| O|  |TAMS 0x00000000e0b00000| PB 0x00000000e0b00000| Untracked |  0
|  12|0x00000000e0c00000, 0x00000000e0d00000, 0x00000000e0d00000|100%| O|  |TAMS 0x00000000e0c00000| PB 0x00000000e0c00000| Untracked |  0
|  13|0x00000000e0d00000, 0x00000000e0e00000, 0x00000000e0e00000|100%| O|  |TAMS 0x00000000e0d00000| PB 0x00000000e0d00000| Untracked |  0
|  14|0x00000000e0e00000, 0x00000000e0f00000, 0x00000000e0f00000|100%| O|  |TAMS 0x00000000e0e00000| PB 0x00000000e0e00000| Untracked |  0
|  15|0x00000000e0f00000, 0x00000000e1000000, 0x00000000e1000000|100%| O|  |TAMS 0x00000000e0f00000| PB 0x00000000e0f00000| Untracked |  0
|  16|0x00000000e1000000, 0x00000000e1100000, 0x00000000e1100000|100%| O|  |TAMS 0x00000000e1000000| PB 0x00000000e1000000| Untracked |  0
|  17|0x00000000e1100000, 0x00000000e1200000, 0x00000000e1200000|100%| O|  |TAMS 0x00000000e1100000| PB 0x00000000e1100000| Untracked |  0
|  18|0x00000000e1200000, 0x00000000e1300000, 0x00000000e1300000|100%| O|  |TAMS 0x00000000e1200000| PB 0x00000000e1200000| Untracked |  0
|  19|0x00000000e1300000, 0x00000000e1400000, 0x00000000e1400000|100%| O|  |TAMS 0x00000000e1300000| PB 0x00000000e1300000| Untracked |  0
|  20|0x00000000e1400000, 0x00000000e1500000, 0x00000000e1500000|100%| O|  |TAMS 0x00000000e1400000| PB 0x00000000e1400000| Untracked |  0
|  21|0x00000000e1500000, 0x00000000e1600000, 0x00000000e1600000|100%| O|  |TAMS 0x00000000e1500000| PB 0x00000000e1500000| Untracked |  0
|  22|0x00000000e1600000, 0x00000000e1700000, 0x00000000e1700000|100%| O|  |TAMS 0x00000000e1600000| PB 0x00000000e1600000| Untracked |  0
|  23|0x00000000e1700000, 0x00000000e1800000, 0x00000000e1800000|100%| O|  |TAMS 0x00000000e1700000| PB 0x00000000e1700000| Untracked |  0
|  24|0x00000000e1800000, 0x00000000e1900000, 0x00000000e1900000|100%| O|  |TAMS 0x00000000e1800000| PB 0x00000000e1800000| Untracked |  0
|  25|0x00000000e1900000, 0x00000000e1a00000, 0x00000000e1a00000|100%| O|  |TAMS 0x00000000e1900000| PB 0x00000000e1900000| Untracked |  0
|  26|0x00000000e1a00000, 0x00000000e1b00000, 0x00000000e1b00000|100%| O|  |TAMS 0x00000000e1a00000| PB 0x00000000e1a00000| Untracked |  0
|  27|0x00000000e1b00000, 0x00000000e1c00000, 0x00000000e1c00000|100%| O|  |TAMS 0x00000000e1b00000| PB 0x00000000e1b00000| Untracked |  0
|  28|0x00000000e1c00000, 0x00000000e1d00000, 0x00000000e1d00000|100%| O|  |TAMS 0x00000000e1c00000| PB 0x00000000e1c00000| Untracked |  0
|  29|0x00000000e1d00000, 0x00000000e1e00000, 0x00000000e1e00000|100%| O|  |TAMS 0x00000000e1d00000| PB 0x00000000e1d00000| Untracked |  0
|  30|0x00000000e1e00000, 0x00000000e1f00000, 0x00000000e1f00000|100%| O|  |TAMS 0x00000000e1e00000| PB 0x00000000e1e00000| Untracked |  0
|  31|0x00000000e1f00000, 0x00000000e2000000, 0x00000000e2000000|100%| O|  |TAMS 0x00000000e1f00000| PB 0x00000000e1f00000| Untracked |  0
|  32|0x00000000e2000000, 0x00000000e2100000, 0x00000000e2100000|100%| O|  |TAMS 0x00000000e2000000| PB 0x00000000e2000000| Untracked |  0
|  33|0x00000000e2100000, 0x00000000e2200000, 0x00000000e2200000|100%| O|  |TAMS 0x00000000e2100000| PB 0x00000000e2100000| Untracked |  0
|  34|0x00000000e2200000, 0x00000000e2300000, 0x00000000e2300000|100%| O|  |TAMS 0x00000000e2200000| PB 0x00000000e2200000| Untracked |  0
|  35|0x00000000e2300000, 0x00000000e2400000, 0x00000000e2400000|100%| O|  |TAMS 0x00000000e2300000| PB 0x00000000e2300000| Untracked |  0
|  36|0x00000000e2400000, 0x00000000e2500000, 0x00000000e2500000|100%| O|  |TAMS 0x00000000e2400000| PB 0x00000000e2400000| Untracked |  0
|  37|0x00000000e2500000, 0x00000000e2600000, 0x00000000e2600000|100%| O|  |TAMS 0x00000000e2500000| PB 0x00000000e2500000| Untracked |  0
|  38|0x00000000e2600000, 0x00000000e2700000, 0x00000000e2700000|100%| O|  |TAMS 0x00000000e2600000| PB 0x00000000e2600000| Untracked |  0
|  39|0x00000000e2700000, 0x00000000e2800000, 0x00000000e2800000|100%| O|  |TAMS 0x00000000e2700000| PB 0x00000000e2700000| Untracked |  0
|  40|0x00000000e2800000, 0x00000000e2900000, 0x00000000e2900000|100%| O|Cm|TAMS 0x00000000e2800000| PB 0x00000000e2800000| Complete |  0
|  41|0x00000000e2900000, 0x00000000e2a00000, 0x00000000e2a00000|100%| O|  |TAMS 0x00000000e2900000| PB 0x00000000e2900000| Untracked |  0
|  42|0x00000000e2a00000, 0x00000000e2a00000, 0x00000000e2b00000|  0%| F|  |TAMS 0x00000000e2a00000| PB 0x00000000e2a00000| Untracked |  0
|  43|0x00000000e2b00000, 0x00000000e2c00000, 0x00000000e2c00000|100%| O|  |TAMS 0x00000000e2b00000| PB 0x00000000e2b00000| Untracked |  0
|  44|0x00000000e2c00000, 0x00000000e2d00000, 0x00000000e2d00000|100%| O|  |TAMS 0x00000000e2c00000| PB 0x00000000e2c00000| Untracked |  0
|  45|0x00000000e2d00000, 0x00000000e2e00000, 0x00000000e2e00000|100%| O|  |TAMS 0x00000000e2d00000| PB 0x00000000e2d00000| Untracked |  0
|  46|0x00000000e2e00000, 0x00000000e2f00000, 0x00000000e2f00000|100%| O|  |TAMS 0x00000000e2e00000| PB 0x00000000e2e00000| Untracked |  0
|  47|0x00000000e2f00000, 0x00000000e3000000, 0x00000000e3000000|100%| O|  |TAMS 0x00000000e2f00000| PB 0x00000000e2f00000| Untracked |  0
|  48|0x00000000e3000000, 0x00000000e3100000, 0x00000000e3100000|100%| O|  |TAMS 0x00000000e3000000| PB 0x00000000e3000000| Untracked |  0
|  49|0x00000000e3100000, 0x00000000e3200000, 0x00000000e3200000|100%| O|  |TAMS 0x00000000e3100000| PB 0x00000000e3100000| Untracked |  0
|  50|0x00000000e3200000, 0x00000000e3300000, 0x00000000e3300000|100%| O|  |TAMS 0x00000000e3200000| PB 0x00000000e3200000| Untracked |  0
|  51|0x00000000e3300000, 0x00000000e3300000, 0x00000000e3400000|  0%| F|  |TAMS 0x00000000e3300000| PB 0x00000000e3300000| Untracked |  0
|  52|0x00000000e3400000, 0x00000000e3500000, 0x00000000e3500000|100%| O|  |TAMS 0x00000000e3400000| PB 0x00000000e3400000| Untracked |  0
|  53|0x00000000e3500000, 0x00000000e355b000, 0x00000000e3600000| 35%| O|  |TAMS 0x00000000e3500000| PB 0x00000000e3500000| Untracked |  0
|  54|0x00000000e3600000, 0x00000000e3600000, 0x00000000e3700000|  0%| F|  |TAMS 0x00000000e3600000| PB 0x00000000e3600000| Untracked |  0
|  55|0x00000000e3700000, 0x00000000e3800000, 0x00000000e3800000|100%| O|  |TAMS 0x00000000e3700000| PB 0x00000000e3700000| Untracked |  0
|  56|0x00000000e3800000, 0x00000000e3900000, 0x00000000e3900000|100%| O|  |TAMS 0x00000000e3800000| PB 0x00000000e3800000| Untracked |  0
|  57|0x00000000e3900000, 0x00000000e3a00000, 0x00000000e3a00000|100%| O|  |TAMS 0x00000000e3900000| PB 0x00000000e3900000| Untracked |  0
|  58|0x00000000e3a00000, 0x00000000e3b00000, 0x00000000e3b00000|100%| O|  |TAMS 0x00000000e3a00000| PB 0x00000000e3a00000| Untracked |  0
|  59|0x00000000e3b00000, 0x00000000e3b00000, 0x00000000e3c00000|  0%| F|  |TAMS 0x00000000e3b00000| PB 0x00000000e3b00000| Untracked |  0
|  60|0x00000000e3c00000, 0x00000000e3c00000, 0x00000000e3d00000|  0%| F|  |TAMS 0x00000000e3c00000| PB 0x00000000e3c00000| Untracked |  0
|  61|0x00000000e3d00000, 0x00000000e3d00000, 0x00000000e3e00000|  0%| F|  |TAMS 0x00000000e3d00000| PB 0x00000000e3d00000| Untracked |  0
|  62|0x00000000e3e00000, 0x00000000e3e00000, 0x00000000e3f00000|  0%| F|  |TAMS 0x00000000e3e00000| PB 0x00000000e3e00000| Untracked |  0
|  63|0x00000000e3f00000, 0x00000000e3f00000, 0x00000000e4000000|  0%| F|  |TAMS 0x00000000e3f00000| PB 0x00000000e3f00000| Untracked |  0
|  64|0x00000000e4000000, 0x00000000e4000000, 0x00000000e4100000|  0%| F|  |TAMS 0x00000000e4000000| PB 0x00000000e4000000| Untracked |  0
|  65|0x00000000e4100000, 0x00000000e4100000, 0x00000000e4200000|  0%| F|  |TAMS 0x00000000e4100000| PB 0x00000000e4100000| Untracked |  0
|  66|0x00000000e4200000, 0x00000000e4200000, 0x00000000e4300000|  0%| F|  |TAMS 0x00000000e4200000| PB 0x00000000e4200000| Untracked |  0
|  67|0x00000000e4300000, 0x00000000e4300000, 0x00000000e4400000|  0%| F|  |TAMS 0x00000000e4300000| PB 0x00000000e4300000| Untracked |  0
|  68|0x00000000e4400000, 0x00000000e4400000, 0x00000000e4500000|  0%| F|  |TAMS 0x00000000e4400000| PB 0x00000000e4400000| Untracked |  0
|  69|0x00000000e4500000, 0x00000000e4500000, 0x00000000e4600000|  0%| F|  |TAMS 0x00000000e4500000| PB 0x00000000e4500000| Untracked |  0
|  70|0x00000000e4600000, 0x00000000e4600000, 0x00000000e4700000|  0%| F|  |TAMS 0x00000000e4600000| PB 0x00000000e4600000| Untracked |  0
|  71|0x00000000e4700000, 0x00000000e4700000, 0x00000000e4800000|  0%| F|  |TAMS 0x00000000e4700000| PB 0x00000000e4700000| Untracked |  0
|  72|0x00000000e4800000, 0x00000000e4800000, 0x00000000e4900000|  0%| F|  |TAMS 0x00000000e4800000| PB 0x00000000e4800000| Untracked |  0
|  73|0x00000000e4900000, 0x00000000e4900000, 0x00000000e4a00000|  0%| F|  |TAMS 0x00000000e4900000| PB 0x00000000e4900000| Untracked |  0
|  74|0x00000000e4a00000, 0x00000000e4a00000, 0x00000000e4b00000|  0%| F|  |TAMS 0x00000000e4a00000| PB 0x00000000e4a00000| Untracked |  0
|  75|0x00000000e4b00000, 0x00000000e4b00000, 0x00000000e4c00000|  0%| F|  |TAMS 0x00000000e4b00000| PB 0x00000000e4b00000| Untracked |  0
|  76|0x00000000e4c00000, 0x00000000e4c00000, 0x00000000e4d00000|  0%| F|  |TAMS 0x00000000e4c00000| PB 0x00000000e4c00000| Untracked |  0
|  77|0x00000000e4d00000, 0x00000000e4d00000, 0x00000000e4e00000|  0%| F|  |TAMS 0x00000000e4d00000| PB 0x00000000e4d00000| Untracked |  0
|  78|0x00000000e4e00000, 0x00000000e4e00000, 0x00000000e4f00000|  0%| F|  |TAMS 0x00000000e4e00000| PB 0x00000000e4e00000| Untracked |  0
|  79|0x00000000e4f00000, 0x00000000e4f00000, 0x00000000e5000000|  0%| F|  |TAMS 0x00000000e4f00000| PB 0x00000000e4f00000| Untracked |  0
|  80|0x00000000e5000000, 0x00000000e5000000, 0x00000000e5100000|  0%| F|  |TAMS 0x00000000e5000000| PB 0x00000000e5000000| Untracked |  0
|  81|0x00000000e5100000, 0x00000000e5100000, 0x00000000e5200000|  0%| F|  |TAMS 0x00000000e5100000| PB 0x00000000e5100000| Untracked |  0
|  82|0x00000000e5200000, 0x00000000e5200000, 0x00000000e5300000|  0%| F|  |TAMS 0x00000000e5200000| PB 0x00000000e5200000| Untracked |  0
|  83|0x00000000e5300000, 0x00000000e5300000, 0x00000000e5400000|  0%| F|  |TAMS 0x00000000e5300000| PB 0x00000000e5300000| Untracked |  0
|  84|0x00000000e5400000, 0x00000000e5400000, 0x00000000e5500000|  0%| F|  |TAMS 0x00000000e5400000| PB 0x00000000e5400000| Untracked |  0
|  85|0x00000000e5500000, 0x00000000e5500000, 0x00000000e5600000|  0%| F|  |TAMS 0x00000000e5500000| PB 0x00000000e5500000| Untracked |  0
|  86|0x00000000e5600000, 0x00000000e5600000, 0x00000000e5700000|  0%| F|  |TAMS 0x00000000e5600000| PB 0x00000000e5600000| Untracked |  0
|  87|0x00000000e5700000, 0x00000000e5700000, 0x00000000e5800000|  0%| F|  |TAMS 0x00000000e5700000| PB 0x00000000e5700000| Untracked |  0
|  88|0x00000000e5800000, 0x00000000e5800000, 0x00000000e5900000|  0%| F|  |TAMS 0x00000000e5800000| PB 0x00000000e5800000| Untracked |  0
|  89|0x00000000e5900000, 0x00000000e5900000, 0x00000000e5a00000|  0%| F|  |TAMS 0x00000000e5900000| PB 0x00000000e5900000| Untracked |  0
|  90|0x00000000e5a00000, 0x00000000e5a00000, 0x00000000e5b00000|  0%| F|  |TAMS 0x00000000e5a00000| PB 0x00000000e5a00000| Untracked |  0
|  91|0x00000000e5b00000, 0x00000000e5b00000, 0x00000000e5c00000|  0%| F|  |TAMS 0x00000000e5b00000| PB 0x00000000e5b00000| Untracked |  0
|  92|0x00000000e5c00000, 0x00000000e5c00000, 0x00000000e5d00000|  0%| F|  |TAMS 0x00000000e5c00000| PB 0x00000000e5c00000| Untracked |  0
|  93|0x00000000e5d00000, 0x00000000e5d00000, 0x00000000e5e00000|  0%| F|  |TAMS 0x00000000e5d00000| PB 0x00000000e5d00000| Untracked |  0
|  94|0x00000000e5e00000, 0x00000000e5e00000, 0x00000000e5f00000|  0%| F|  |TAMS 0x00000000e5e00000| PB 0x00000000e5e00000| Untracked |  0
|  95|0x00000000e5f00000, 0x00000000e5f00000, 0x00000000e6000000|  0%| F|  |TAMS 0x00000000e5f00000| PB 0x00000000e5f00000| Untracked |  0
|  96|0x00000000e6000000, 0x00000000e6000000, 0x00000000e6100000|  0%| F|  |TAMS 0x00000000e6000000| PB 0x00000000e6000000| Untracked |  0
|  97|0x00000000e6100000, 0x00000000e6100000, 0x00000000e6200000|  0%| F|  |TAMS 0x00000000e6100000| PB 0x00000000e6100000| Untracked |  0
|  98|0x00000000e6200000, 0x00000000e6200000, 0x00000000e6300000|  0%| F|  |TAMS 0x00000000e6200000| PB 0x00000000e6200000| Untracked |  0
|  99|0x00000000e6300000, 0x00000000e6300000, 0x00000000e6400000|  0%| F|  |TAMS 0x00000000e6300000| PB 0x00000000e6300000| Untracked |  0
| 100|0x00000000e6400000, 0x00000000e6400000, 0x00000000e6500000|  0%| F|  |TAMS 0x00000000e6400000| PB 0x00000000e6400000| Untracked |  0
| 101|0x00000000e6500000, 0x00000000e6500000, 0x00000000e6600000|  0%| F|  |TAMS 0x00000000e6500000| PB 0x00000000e6500000| Untracked |  0
| 102|0x00000000e6600000, 0x00000000e6700000, 0x00000000e6700000|100%| S|CS|TAMS 0x00000000e6600000| PB 0x00000000e6600000| Complete |  0
| 103|0x00000000e6700000, 0x00000000e6700000, 0x00000000e6800000|  0%| F|  |TAMS 0x00000000e6700000| PB 0x00000000e6700000| Untracked |  0
| 104|0x00000000e6800000, 0x00000000e6800000, 0x00000000e6900000|  0%| F|  |TAMS 0x00000000e6800000| PB 0x00000000e6800000| Untracked |  0
| 105|0x00000000e6900000, 0x00000000e6a00000, 0x00000000e6a00000|100%| S|CS|TAMS 0x00000000e6900000| PB 0x00000000e6900000| Complete |  0
| 106|0x00000000e6a00000, 0x00000000e6b00000, 0x00000000e6b00000|100%| S|CS|TAMS 0x00000000e6a00000| PB 0x00000000e6a00000| Complete |  0
| 107|0x00000000e6b00000, 0x00000000e6c00000, 0x00000000e6c00000|100%| S|CS|TAMS 0x00000000e6b00000| PB 0x00000000e6b00000| Complete |  0
| 108|0x00000000e6c00000, 0x00000000e6d00000, 0x00000000e6d00000|100%| S|CS|TAMS 0x00000000e6c00000| PB 0x00000000e6c00000| Complete |  0
| 109|0x00000000e6d00000, 0x00000000e6e00000, 0x00000000e6e00000|100%| S|CS|TAMS 0x00000000e6d00000| PB 0x00000000e6d00000| Complete |  0
| 110|0x00000000e6e00000, 0x00000000e6f00000, 0x00000000e6f00000|100%| S|CS|TAMS 0x00000000e6e00000| PB 0x00000000e6e00000| Complete |  0
| 111|0x00000000e6f00000, 0x00000000e7000000, 0x00000000e7000000|100%| S|CS|TAMS 0x00000000e6f00000| PB 0x00000000e6f00000| Complete |  0
| 112|0x00000000e7000000, 0x00000000e7000000, 0x00000000e7100000|  0%| F|  |TAMS 0x00000000e7000000| PB 0x00000000e7000000| Untracked |  0
| 113|0x00000000e7100000, 0x00000000e7100000, 0x00000000e7200000|  0%| F|  |TAMS 0x00000000e7100000| PB 0x00000000e7100000| Untracked |  0
| 114|0x00000000e7200000, 0x00000000e7200000, 0x00000000e7300000|  0%| F|  |TAMS 0x00000000e7200000| PB 0x00000000e7200000| Untracked |  0
| 115|0x00000000e7300000, 0x00000000e7300000, 0x00000000e7400000|  0%| F|  |TAMS 0x00000000e7300000| PB 0x00000000e7300000| Untracked |  0
| 116|0x00000000e7400000, 0x00000000e7400000, 0x00000000e7500000|  0%| F|  |TAMS 0x00000000e7400000| PB 0x00000000e7400000| Untracked |  0
| 117|0x00000000e7500000, 0x00000000e7500000, 0x00000000e7600000|  0%| F|  |TAMS 0x00000000e7500000| PB 0x00000000e7500000| Untracked |  0
| 118|0x00000000e7600000, 0x00000000e7600000, 0x00000000e7700000|  0%| F|  |TAMS 0x00000000e7600000| PB 0x00000000e7600000| Untracked |  0
| 119|0x00000000e7700000, 0x00000000e7700000, 0x00000000e7800000|  0%| F|  |TAMS 0x00000000e7700000| PB 0x00000000e7700000| Untracked |  0
| 120|0x00000000e7800000, 0x00000000e7800000, 0x00000000e7900000|  0%| F|  |TAMS 0x00000000e7800000| PB 0x00000000e7800000| Untracked |  0
| 121|0x00000000e7900000, 0x00000000e7900000, 0x00000000e7a00000|  0%| F|  |TAMS 0x00000000e7900000| PB 0x00000000e7900000| Untracked |  0
| 122|0x00000000e7a00000, 0x00000000e7a00000, 0x00000000e7b00000|  0%| F|  |TAMS 0x00000000e7a00000| PB 0x00000000e7a00000| Untracked |  0
| 123|0x00000000e7b00000, 0x00000000e7b00000, 0x00000000e7c00000|  0%| F|  |TAMS 0x00000000e7b00000| PB 0x00000000e7b00000| Untracked |  0
| 124|0x00000000e7c00000, 0x00000000e7c00000, 0x00000000e7d00000|  0%| F|  |TAMS 0x00000000e7c00000| PB 0x00000000e7c00000| Untracked |  0
| 125|0x00000000e7d00000, 0x00000000e7d00000, 0x00000000e7e00000|  0%| F|  |TAMS 0x00000000e7d00000| PB 0x00000000e7d00000| Untracked |  0
| 126|0x00000000e7e00000, 0x00000000e7e00000, 0x00000000e7f00000|  0%| F|  |TAMS 0x00000000e7e00000| PB 0x00000000e7e00000| Untracked |  0
| 127|0x00000000e7f00000, 0x00000000e7f00000, 0x00000000e8000000|  0%| F|  |TAMS 0x00000000e7f00000| PB 0x00000000e7f00000| Untracked |  0
| 128|0x00000000e8000000, 0x00000000e8000000, 0x00000000e8100000|  0%| F|  |TAMS 0x00000000e8000000| PB 0x00000000e8000000| Untracked |  0
| 129|0x00000000e8100000, 0x00000000e8100000, 0x00000000e8200000|  0%| F|  |TAMS 0x00000000e8100000| PB 0x00000000e8100000| Untracked |  0
| 130|0x00000000e8200000, 0x00000000e8200000, 0x00000000e8300000|  0%| F|  |TAMS 0x00000000e8200000| PB 0x00000000e8200000| Untracked |  0
| 131|0x00000000e8300000, 0x00000000e8300000, 0x00000000e8400000|  0%| F|  |TAMS 0x00000000e8300000| PB 0x00000000e8300000| Untracked |  0
| 132|0x00000000e8400000, 0x00000000e8400000, 0x00000000e8500000|  0%| F|  |TAMS 0x00000000e8400000| PB 0x00000000e8400000| Untracked |  0
| 133|0x00000000e8500000, 0x00000000e8500000, 0x00000000e8600000|  0%| F|  |TAMS 0x00000000e8500000| PB 0x00000000e8500000| Untracked |  0
| 134|0x00000000e8600000, 0x00000000e8600000, 0x00000000e8700000|  0%| F|  |TAMS 0x00000000e8600000| PB 0x00000000e8600000| Untracked |  0
| 135|0x00000000e8700000, 0x00000000e8700000, 0x00000000e8800000|  0%| F|  |TAMS 0x00000000e8700000| PB 0x00000000e8700000| Untracked |  0
| 136|0x00000000e8800000, 0x00000000e8800000, 0x00000000e8900000|  0%| F|  |TAMS 0x00000000e8800000| PB 0x00000000e8800000| Untracked |  0
| 137|0x00000000e8900000, 0x00000000e8900000, 0x00000000e8a00000|  0%| F|  |TAMS 0x00000000e8900000| PB 0x00000000e8900000| Untracked |  0
| 138|0x00000000e8a00000, 0x00000000e8a00000, 0x00000000e8b00000|  0%| F|  |TAMS 0x00000000e8a00000| PB 0x00000000e8a00000| Untracked |  0
| 139|0x00000000e8b00000, 0x00000000e8b00000, 0x00000000e8c00000|  0%| F|  |TAMS 0x00000000e8b00000| PB 0x00000000e8b00000| Untracked |  0
| 140|0x00000000e8c00000, 0x00000000e8c00000, 0x00000000e8d00000|  0%| F|  |TAMS 0x00000000e8c00000| PB 0x00000000e8c00000| Untracked |  0
| 141|0x00000000e8d00000, 0x00000000e8d00000, 0x00000000e8e00000|  0%| F|  |TAMS 0x00000000e8d00000| PB 0x00000000e8d00000| Untracked |  0
| 142|0x00000000e8e00000, 0x00000000e8e00000, 0x00000000e8f00000|  0%| F|  |TAMS 0x00000000e8e00000| PB 0x00000000e8e00000| Untracked |  0
| 143|0x00000000e8f00000, 0x00000000e8f00000, 0x00000000e9000000|  0%| F|  |TAMS 0x00000000e8f00000| PB 0x00000000e8f00000| Untracked |  0
| 144|0x00000000e9000000, 0x00000000e9000000, 0x00000000e9100000|  0%| F|  |TAMS 0x00000000e9000000| PB 0x00000000e9000000| Untracked |  0
| 145|0x00000000e9100000, 0x00000000e9100000, 0x00000000e9200000|  0%| F|  |TAMS 0x00000000e9100000| PB 0x00000000e9100000| Untracked |  0
| 146|0x00000000e9200000, 0x00000000e9200000, 0x00000000e9300000|  0%| F|  |TAMS 0x00000000e9200000| PB 0x00000000e9200000| Untracked |  0
| 147|0x00000000e9300000, 0x00000000e9300000, 0x00000000e9400000|  0%| F|  |TAMS 0x00000000e9300000| PB 0x00000000e9300000| Untracked |  0
| 148|0x00000000e9400000, 0x00000000e9400000, 0x00000000e9500000|  0%| F|  |TAMS 0x00000000e9400000| PB 0x00000000e9400000| Untracked |  0
| 149|0x00000000e9500000, 0x00000000e9500000, 0x00000000e9600000|  0%| F|  |TAMS 0x00000000e9500000| PB 0x00000000e9500000| Untracked |  0
| 150|0x00000000e9600000, 0x00000000e9600000, 0x00000000e9700000|  0%| F|  |TAMS 0x00000000e9600000| PB 0x00000000e9600000| Untracked |  0
| 151|0x00000000e9700000, 0x00000000e9700000, 0x00000000e9800000|  0%| F|  |TAMS 0x00000000e9700000| PB 0x00000000e9700000| Untracked |  0
| 152|0x00000000e9800000, 0x00000000e9800000, 0x00000000e9900000|  0%| F|  |TAMS 0x00000000e9800000| PB 0x00000000e9800000| Untracked |  0
| 153|0x00000000e9900000, 0x00000000e9900000, 0x00000000e9a00000|  0%| F|  |TAMS 0x00000000e9900000| PB 0x00000000e9900000| Untracked |  0
| 154|0x00000000e9a00000, 0x00000000e9a00000, 0x00000000e9b00000|  0%| F|  |TAMS 0x00000000e9a00000| PB 0x00000000e9a00000| Untracked |  0
| 155|0x00000000e9b00000, 0x00000000e9b00000, 0x00000000e9c00000|  0%| F|  |TAMS 0x00000000e9b00000| PB 0x00000000e9b00000| Untracked |  0
| 156|0x00000000e9c00000, 0x00000000e9c00000, 0x00000000e9d00000|  0%| F|  |TAMS 0x00000000e9c00000| PB 0x00000000e9c00000| Untracked |  0
| 157|0x00000000e9d00000, 0x00000000e9d00000, 0x00000000e9e00000|  0%| F|  |TAMS 0x00000000e9d00000| PB 0x00000000e9d00000| Untracked |  0
| 158|0x00000000e9e00000, 0x00000000e9e00000, 0x00000000e9f00000|  0%| F|  |TAMS 0x00000000e9e00000| PB 0x00000000e9e00000| Untracked |  0
| 159|0x00000000e9f00000, 0x00000000e9f00000, 0x00000000ea000000|  0%| F|  |TAMS 0x00000000e9f00000| PB 0x00000000e9f00000| Untracked |  0
| 160|0x00000000ea000000, 0x00000000ea000000, 0x00000000ea100000|  0%| F|  |TAMS 0x00000000ea000000| PB 0x00000000ea000000| Untracked |  0
| 161|0x00000000ea100000, 0x00000000ea100000, 0x00000000ea200000|  0%| F|  |TAMS 0x00000000ea100000| PB 0x00000000ea100000| Untracked |  0
| 162|0x00000000ea200000, 0x00000000ea200000, 0x00000000ea300000|  0%| F|  |TAMS 0x00000000ea200000| PB 0x00000000ea200000| Untracked |  0
| 163|0x00000000ea300000, 0x00000000ea300000, 0x00000000ea400000|  0%| F|  |TAMS 0x00000000ea300000| PB 0x00000000ea300000| Untracked |  0
| 164|0x00000000ea400000, 0x00000000ea400000, 0x00000000ea500000|  0%| F|  |TAMS 0x00000000ea400000| PB 0x00000000ea400000| Untracked |  0
| 165|0x00000000ea500000, 0x00000000ea500000, 0x00000000ea600000|  0%| F|  |TAMS 0x00000000ea500000| PB 0x00000000ea500000| Untracked |  0
| 166|0x00000000ea600000, 0x00000000ea600000, 0x00000000ea700000|  0%| F|  |TAMS 0x00000000ea600000| PB 0x00000000ea600000| Untracked |  0
| 167|0x00000000ea700000, 0x00000000ea700000, 0x00000000ea800000|  0%| F|  |TAMS 0x00000000ea700000| PB 0x00000000ea700000| Untracked |  0
| 168|0x00000000ea800000, 0x00000000ea800000, 0x00000000ea900000|  0%| F|  |TAMS 0x00000000ea800000| PB 0x00000000ea800000| Untracked |  0
| 169|0x00000000ea900000, 0x00000000ea900000, 0x00000000eaa00000|  0%| F|  |TAMS 0x00000000ea900000| PB 0x00000000ea900000| Untracked |  0
| 170|0x00000000eaa00000, 0x00000000eaa00000, 0x00000000eab00000|  0%| F|  |TAMS 0x00000000eaa00000| PB 0x00000000eaa00000| Untracked |  0
| 171|0x00000000eab00000, 0x00000000eab00000, 0x00000000eac00000|  0%| F|  |TAMS 0x00000000eab00000| PB 0x00000000eab00000| Untracked |  0
| 172|0x00000000eac00000, 0x00000000eac00000, 0x00000000ead00000|  0%| F|  |TAMS 0x00000000eac00000| PB 0x00000000eac00000| Untracked |  0
| 173|0x00000000ead00000, 0x00000000ead00000, 0x00000000eae00000|  0%| F|  |TAMS 0x00000000ead00000| PB 0x00000000ead00000| Untracked |  0
| 174|0x00000000eae00000, 0x00000000eae00000, 0x00000000eaf00000|  0%| F|  |TAMS 0x00000000eae00000| PB 0x00000000eae00000| Untracked |  0
| 175|0x00000000eaf00000, 0x00000000eaf00000, 0x00000000eb000000|  0%| F|  |TAMS 0x00000000eaf00000| PB 0x00000000eaf00000| Untracked |  0
| 176|0x00000000eb000000, 0x00000000eb000000, 0x00000000eb100000|  0%| F|  |TAMS 0x00000000eb000000| PB 0x00000000eb000000| Untracked |  0
| 177|0x00000000eb100000, 0x00000000eb100000, 0x00000000eb200000|  0%| F|  |TAMS 0x00000000eb100000| PB 0x00000000eb100000| Untracked |  0
| 178|0x00000000eb200000, 0x00000000eb200000, 0x00000000eb300000|  0%| F|  |TAMS 0x00000000eb200000| PB 0x00000000eb200000| Untracked |  0
| 179|0x00000000eb300000, 0x00000000eb300000, 0x00000000eb400000|  0%| F|  |TAMS 0x00000000eb300000| PB 0x00000000eb300000| Untracked |  0
| 180|0x00000000eb400000, 0x00000000eb400000, 0x00000000eb500000|  0%| F|  |TAMS 0x00000000eb400000| PB 0x00000000eb400000| Untracked |  0
| 181|0x00000000eb500000, 0x00000000eb500000, 0x00000000eb600000|  0%| F|  |TAMS 0x00000000eb500000| PB 0x00000000eb500000| Untracked |  0
| 182|0x00000000eb600000, 0x00000000eb600000, 0x00000000eb700000|  0%| F|  |TAMS 0x00000000eb600000| PB 0x00000000eb600000| Untracked |  0
| 183|0x00000000eb700000, 0x00000000eb700000, 0x00000000eb800000|  0%| F|  |TAMS 0x00000000eb700000| PB 0x00000000eb700000| Untracked |  0
| 184|0x00000000eb800000, 0x00000000eb800000, 0x00000000eb900000|  0%| F|  |TAMS 0x00000000eb800000| PB 0x00000000eb800000| Untracked |  0
| 185|0x00000000eb900000, 0x00000000eb900000, 0x00000000eba00000|  0%| F|  |TAMS 0x00000000eb900000| PB 0x00000000eb900000| Untracked |  0
| 186|0x00000000eba00000, 0x00000000eba00000, 0x00000000ebb00000|  0%| F|  |TAMS 0x00000000eba00000| PB 0x00000000eba00000| Untracked |  0
| 187|0x00000000ebb00000, 0x00000000ebb00000, 0x00000000ebc00000|  0%| F|  |TAMS 0x00000000ebb00000| PB 0x00000000ebb00000| Untracked |  0
| 188|0x00000000ebc00000, 0x00000000ebc00000, 0x00000000ebd00000|  0%| F|  |TAMS 0x00000000ebc00000| PB 0x00000000ebc00000| Untracked |  0
| 189|0x00000000ebd00000, 0x00000000ebd00000, 0x00000000ebe00000|  0%| F|  |TAMS 0x00000000ebd00000| PB 0x00000000ebd00000| Untracked |  0
| 190|0x00000000ebe00000, 0x00000000ebe00000, 0x00000000ebf00000|  0%| F|  |TAMS 0x00000000ebe00000| PB 0x00000000ebe00000| Untracked |  0
| 191|0x00000000ebf00000, 0x00000000ebf00000, 0x00000000ec000000|  0%| F|  |TAMS 0x00000000ebf00000| PB 0x00000000ebf00000| Untracked |  0
| 192|0x00000000ec000000, 0x00000000ec000000, 0x00000000ec100000|  0%| F|  |TAMS 0x00000000ec000000| PB 0x00000000ec000000| Untracked |  0
| 193|0x00000000ec100000, 0x00000000ec100000, 0x00000000ec200000|  0%| F|  |TAMS 0x00000000ec100000| PB 0x00000000ec100000| Untracked |  0
| 194|0x00000000ec200000, 0x00000000ec200000, 0x00000000ec300000|  0%| F|  |TAMS 0x00000000ec200000| PB 0x00000000ec200000| Untracked |  0
| 195|0x00000000ec300000, 0x00000000ec300000, 0x00000000ec400000|  0%| F|  |TAMS 0x00000000ec300000| PB 0x00000000ec300000| Untracked |  0
| 196|0x00000000ec400000, 0x00000000ec400000, 0x00000000ec500000|  0%| F|  |TAMS 0x00000000ec400000| PB 0x00000000ec400000| Untracked |  0
| 197|0x00000000ec500000, 0x00000000ec500000, 0x00000000ec600000|  0%| F|  |TAMS 0x00000000ec500000| PB 0x00000000ec500000| Untracked |  0
| 198|0x00000000ec600000, 0x00000000ec600000, 0x00000000ec700000|  0%| F|  |TAMS 0x00000000ec600000| PB 0x00000000ec600000| Untracked |  0
| 199|0x00000000ec700000, 0x00000000ec700000, 0x00000000ec800000|  0%| F|  |TAMS 0x00000000ec700000| PB 0x00000000ec700000| Untracked |  0
| 200|0x00000000ec800000, 0x00000000ec800000, 0x00000000ec900000|  0%| F|  |TAMS 0x00000000ec800000| PB 0x00000000ec800000| Untracked |  0
| 201|0x00000000ec900000, 0x00000000ec900000, 0x00000000eca00000|  0%| F|  |TAMS 0x00000000ec900000| PB 0x00000000ec900000| Untracked |  0
| 202|0x00000000eca00000, 0x00000000eca00000, 0x00000000ecb00000|  0%| F|  |TAMS 0x00000000eca00000| PB 0x00000000eca00000| Untracked |  0
| 203|0x00000000ecb00000, 0x00000000ecb00000, 0x00000000ecc00000|  0%| F|  |TAMS 0x00000000ecb00000| PB 0x00000000ecb00000| Untracked |  0
| 204|0x00000000ecc00000, 0x00000000ecc00000, 0x00000000ecd00000|  0%| F|  |TAMS 0x00000000ecc00000| PB 0x00000000ecc00000| Untracked |  0
| 205|0x00000000ecd00000, 0x00000000ecd00000, 0x00000000ece00000|  0%| F|  |TAMS 0x00000000ecd00000| PB 0x00000000ecd00000| Untracked |  0
| 206|0x00000000ece00000, 0x00000000ece00000, 0x00000000ecf00000|  0%| F|  |TAMS 0x00000000ece00000| PB 0x00000000ece00000| Untracked |  0
| 207|0x00000000ecf00000, 0x00000000ecf00000, 0x00000000ed000000|  0%| F|  |TAMS 0x00000000ecf00000| PB 0x00000000ecf00000| Untracked |  0
| 208|0x00000000ed000000, 0x00000000ed000000, 0x00000000ed100000|  0%| F|  |TAMS 0x00000000ed000000| PB 0x00000000ed000000| Untracked |  0
| 209|0x00000000ed100000, 0x00000000ed100000, 0x00000000ed200000|  0%| F|  |TAMS 0x00000000ed100000| PB 0x00000000ed100000| Untracked |  0
| 210|0x00000000ed200000, 0x00000000ed200000, 0x00000000ed300000|  0%| F|  |TAMS 0x00000000ed200000| PB 0x00000000ed200000| Untracked |  0
| 211|0x00000000ed300000, 0x00000000ed300000, 0x00000000ed400000|  0%| F|  |TAMS 0x00000000ed300000| PB 0x00000000ed300000| Untracked |  0
| 212|0x00000000ed400000, 0x00000000ed400000, 0x00000000ed500000|  0%| F|  |TAMS 0x00000000ed400000| PB 0x00000000ed400000| Untracked |  0
| 213|0x00000000ed500000, 0x00000000ed500000, 0x00000000ed600000|  0%| F|  |TAMS 0x00000000ed500000| PB 0x00000000ed500000| Untracked |  0
| 214|0x00000000ed600000, 0x00000000ed600000, 0x00000000ed700000|  0%| F|  |TAMS 0x00000000ed600000| PB 0x00000000ed600000| Untracked |  0
| 215|0x00000000ed700000, 0x00000000ed700000, 0x00000000ed800000|  0%| F|  |TAMS 0x00000000ed700000| PB 0x00000000ed700000| Untracked |  0
| 216|0x00000000ed800000, 0x00000000ed800000, 0x00000000ed900000|  0%| F|  |TAMS 0x00000000ed800000| PB 0x00000000ed800000| Untracked |  0
| 217|0x00000000ed900000, 0x00000000ed900000, 0x00000000eda00000|  0%| F|  |TAMS 0x00000000ed900000| PB 0x00000000ed900000| Untracked |  0
| 218|0x00000000eda00000, 0x00000000eda00000, 0x00000000edb00000|  0%| F|  |TAMS 0x00000000eda00000| PB 0x00000000eda00000| Untracked |  0
| 219|0x00000000edb00000, 0x00000000edb00000, 0x00000000edc00000|  0%| F|  |TAMS 0x00000000edb00000| PB 0x00000000edb00000| Untracked |  0
| 220|0x00000000edc00000, 0x00000000edc00000, 0x00000000edd00000|  0%| F|  |TAMS 0x00000000edc00000| PB 0x00000000edc00000| Untracked |  0
| 221|0x00000000edd00000, 0x00000000edd00000, 0x00000000ede00000|  0%| F|  |TAMS 0x00000000edd00000| PB 0x00000000edd00000| Untracked |  0
| 222|0x00000000ede00000, 0x00000000ede00000, 0x00000000edf00000|  0%| F|  |TAMS 0x00000000ede00000| PB 0x00000000ede00000| Untracked |  0
| 223|0x00000000edf00000, 0x00000000edf00000, 0x00000000ee000000|  0%| F|  |TAMS 0x00000000edf00000| PB 0x00000000edf00000| Untracked |  0
| 224|0x00000000ee000000, 0x00000000ee000000, 0x00000000ee100000|  0%| F|  |TAMS 0x00000000ee000000| PB 0x00000000ee000000| Untracked |  0
| 225|0x00000000ee100000, 0x00000000ee100000, 0x00000000ee200000|  0%| F|  |TAMS 0x00000000ee100000| PB 0x00000000ee100000| Untracked |  0
| 226|0x00000000ee200000, 0x00000000ee200000, 0x00000000ee300000|  0%| F|  |TAMS 0x00000000ee200000| PB 0x00000000ee200000| Untracked |  0
| 227|0x00000000ee300000, 0x00000000ee300000, 0x00000000ee400000|  0%| F|  |TAMS 0x00000000ee300000| PB 0x00000000ee300000| Untracked |  0
| 228|0x00000000ee400000, 0x00000000ee400000, 0x00000000ee500000|  0%| F|  |TAMS 0x00000000ee400000| PB 0x00000000ee400000| Untracked |  0
| 229|0x00000000ee500000, 0x00000000ee500000, 0x00000000ee600000|  0%| F|  |TAMS 0x00000000ee500000| PB 0x00000000ee500000| Untracked |  0
| 230|0x00000000ee600000, 0x00000000ee600000, 0x00000000ee700000|  0%| F|  |TAMS 0x00000000ee600000| PB 0x00000000ee600000| Untracked |  0
| 231|0x00000000ee700000, 0x00000000ee700000, 0x00000000ee800000|  0%| F|  |TAMS 0x00000000ee700000| PB 0x00000000ee700000| Untracked |  0
| 232|0x00000000ee800000, 0x00000000ee800000, 0x00000000ee900000|  0%| F|  |TAMS 0x00000000ee800000| PB 0x00000000ee800000| Untracked |  0
| 233|0x00000000ee900000, 0x00000000ee900000, 0x00000000eea00000|  0%| F|  |TAMS 0x00000000ee900000| PB 0x00000000ee900000| Untracked |  0
| 234|0x00000000eea00000, 0x00000000eea00000, 0x00000000eeb00000|  0%| F|  |TAMS 0x00000000eea00000| PB 0x00000000eea00000| Untracked |  0
| 235|0x00000000eeb00000, 0x00000000eeb00000, 0x00000000eec00000|  0%| F|  |TAMS 0x00000000eeb00000| PB 0x00000000eeb00000| Untracked |  0
| 236|0x00000000eec00000, 0x00000000eec00000, 0x00000000eed00000|  0%| F|  |TAMS 0x00000000eec00000| PB 0x00000000eec00000| Untracked |  0
| 237|0x00000000eed00000, 0x00000000eed00000, 0x00000000eee00000|  0%| F|  |TAMS 0x00000000eed00000| PB 0x00000000eed00000| Untracked |  0
| 238|0x00000000eee00000, 0x00000000eef00000, 0x00000000eef00000|100%| E|  |TAMS 0x00000000eee00000| PB 0x00000000eee00000| Complete |  0
| 239|0x00000000eef00000, 0x00000000ef000000, 0x00000000ef000000|100%| E|CS|TAMS 0x00000000eef00000| PB 0x00000000eef00000| Complete |  0
| 240|0x00000000ef000000, 0x00000000ef100000, 0x00000000ef100000|100%| E|CS|TAMS 0x00000000ef000000| PB 0x00000000ef000000| Complete |  0
| 241|0x00000000ef100000, 0x00000000ef200000, 0x00000000ef200000|100%| E|CS|TAMS 0x00000000ef100000| PB 0x00000000ef100000| Complete |  0
| 242|0x00000000ef200000, 0x00000000ef300000, 0x00000000ef300000|100%| E|CS|TAMS 0x00000000ef200000| PB 0x00000000ef200000| Complete |  0
| 243|0x00000000ef300000, 0x00000000ef400000, 0x00000000ef400000|100%| E|CS|TAMS 0x00000000ef300000| PB 0x00000000ef300000| Complete |  0
| 244|0x00000000ef400000, 0x00000000ef500000, 0x00000000ef500000|100%| E|CS|TAMS 0x00000000ef400000| PB 0x00000000ef400000| Complete |  0
| 245|0x00000000ef500000, 0x00000000ef600000, 0x00000000ef600000|100%| E|CS|TAMS 0x00000000ef500000| PB 0x00000000ef500000| Complete |  0
| 246|0x00000000ef600000, 0x00000000ef700000, 0x00000000ef700000|100%| E|CS|TAMS 0x00000000ef600000| PB 0x00000000ef600000| Complete |  0
| 247|0x00000000ef700000, 0x00000000ef800000, 0x00000000ef800000|100%| E|CS|TAMS 0x00000000ef700000| PB 0x00000000ef700000| Complete |  0
| 248|0x00000000ef800000, 0x00000000ef900000, 0x00000000ef900000|100%| E|CS|TAMS 0x00000000ef800000| PB 0x00000000ef800000| Complete |  0
| 249|0x00000000ef900000, 0x00000000efa00000, 0x00000000efa00000|100%| E|CS|TAMS 0x00000000ef900000| PB 0x00000000ef900000| Complete |  0
| 250|0x00000000efa00000, 0x00000000efb00000, 0x00000000efb00000|100%| E|CS|TAMS 0x00000000efa00000| PB 0x00000000efa00000| Complete |  0
| 251|0x00000000efb00000, 0x00000000efc00000, 0x00000000efc00000|100%| E|CS|TAMS 0x00000000efb00000| PB 0x00000000efb00000| Complete |  0
| 252|0x00000000efc00000, 0x00000000efd00000, 0x00000000efd00000|100%| E|CS|TAMS 0x00000000efc00000| PB 0x00000000efc00000| Complete |  0
| 253|0x00000000efd00000, 0x00000000efe00000, 0x00000000efe00000|100%| E|CS|TAMS 0x00000000efd00000| PB 0x00000000efd00000| Complete |  0
| 254|0x00000000efe00000, 0x00000000eff00000, 0x00000000eff00000|100%| E|CS|TAMS 0x00000000efe00000| PB 0x00000000efe00000| Complete |  0
| 255|0x00000000eff00000, 0x00000000f0000000, 0x00000000f0000000|100%| E|CS|TAMS 0x00000000eff00000| PB 0x00000000eff00000| Complete |  0

Card table byte_map: [0x0000014cf0fe0000,0x0000014cf10e0000] _byte_map_base: 0x0000014cf08e0000

Marking Bits: (CMBitMap*) 0x0000014cd7a11f70
 Bits: [0x0000014cf10e0000, 0x0000014cf18e0000)

Polling page: 0x0000014cd7770000

Metaspace:

Usage:
  Non-class:     60.77 MB used.
      Class:     10.01 MB used.
       Both:     70.77 MB used.

Virtual space:
  Non-class space:       64.00 MB reserved,      62.12 MB ( 97%) committed,  1 nodes.
      Class space:      320.00 MB reserved,      11.31 MB (  4%) committed,  1 nodes.
             Both:      384.00 MB reserved,      73.44 MB ( 19%) committed. 

Chunk freelists:
   Non-Class:  1.25 MB
       Class:  4.70 MB
        Both:  5.95 MB

MaxMetaspaceSize: 384.00 MB
CompressedClassSpaceSize: 320.00 MB
Initial GC threshold: 21.00 MB
Current GC threshold: 122.44 MB
CDS: on
 - commit_granule_bytes: 65536.
 - commit_granule_words: 8192.
 - virtual_space_node_default_size: 8388608.
 - enlarge_chunks_in_place: 1.
 - use_allocation_guard: 0.


Internal statistics:

num_allocs_failed_limit: 18.
num_arena_births: 5014.
num_arena_deaths: 0.
num_vsnodes_births: 2.
num_vsnodes_deaths: 0.
num_space_committed: 1175.
num_space_uncommitted: 0.
num_chunks_returned_to_freelist: 18.
num_chunks_taken_from_freelist: 8985.
num_chunk_merges: 18.
num_chunk_splits: 5627.
num_chunks_enlarged: 3159.
num_inconsistent_stats: 0.

CodeHeap 'non-profiled nmethods': size=120064Kb used=13554Kb max_used=13576Kb free=106509Kb
 bounds [0x0000014ce9380000, 0x0000014cea0d0000, 0x0000014cf08c0000]
CodeHeap 'profiled nmethods': size=120000Kb used=21443Kb max_used=23209Kb free=98556Kb
 bounds [0x0000014ce18c0000, 0x0000014ce2f80000, 0x0000014ce8df0000]
CodeHeap 'non-nmethods': size=5696Kb used=2044Kb max_used=2235Kb free=3651Kb
 bounds [0x0000014ce8df0000, 0x0000014ce9060000, 0x0000014ce9380000]
CodeCache: size=245760Kb, used=37041Kb, max_used=39020Kb, free=208716Kb
 total_blobs=17337, nmethods=16531, adapters=709, full_count=0
Compilation: enabled, stopped_count=0, restarted_count=0

Compilation events (20 events):
Event: 237.465 Thread 0x0000014c95031a80 nmethod 21108 0x0000014cea0c1c88 code [0x0000014cea0c1d80, 0x0000014cea0c1e28]
Event: 237.465 Thread 0x0000014c95031a80 21109       4       java.lang.invoke.LambdaForm$MH/0x0000014c81a0a400::invoke (42 bytes)
Event: 237.467 Thread 0x0000014c95031a80 nmethod 21109 0x0000014cea0c1f88 code [0x0000014cea0c2080, 0x0000014cea0c2128]
Event: 238.312 Thread 0x0000014c950380c0 21110       3       java.lang.invoke.LambdaForm$MH/0x0000014c81b30000::invoke (42 bytes)
Event: 238.316 Thread 0x0000014c950380c0 nmethod 21110 0x0000014ce23ed108 code [0x0000014ce23ed300, 0x0000014ce23edf70]
Event: 238.316 Thread 0x0000014c950380c0 21111       3       java.lang.invoke.LambdaForm$MH/0x0000014c81b30400::invoke (42 bytes)
Event: 238.321 Thread 0x0000014c950380c0 nmethod 21111 0x0000014ce23ec188 code [0x0000014ce23ec380, 0x0000014ce23ecff0]
Event: 239.462 Thread 0x0000014c95031a80 21112       4       io.spring.gradle.dependencymanagement.org.apache.maven.model.io.xpp3.MavenXpp3ReaderEx::parseResource (681 bytes)
Event: 239.524 Thread 0x0000014c95031a80 nmethod 21112 0x0000014ce94b0808 code [0x0000014ce94b0aa0, 0x0000014ce94b1ee8]
Event: 239.697 Thread 0x0000014c95031a80 21113       4       java.lang.ClassLoader::getResource (41 bytes)
Event: 239.736 Thread 0x0000014c95031a80 nmethod 21113 0x0000014ce9547a08 code [0x0000014ce9547d00, 0x0000014ce9549018]
Event: 240.085 Thread 0x0000014c95031a80 21114       4       java.util.concurrent.locks.AbstractQueuedSynchronizer$ConditionObject::unlinkCancelledWaiters (91 bytes)
Event: 240.092 Thread 0x0000014c95031a80 nmethod 21114 0x0000014ce9fdde88 code [0x0000014ce9fddfa0, 0x0000014ce9fde3f8]
Event: 240.490 Thread 0x0000014c95031a80 21115       4       org.gradle.api.specs.Specs::satisfyAll (10 bytes)
Event: 240.491 Thread 0x0000014c95031a80 nmethod 21115 0x0000014ce9547708 code [0x0000014ce9547800, 0x0000014ce9547870]
Event: 240.769 Thread 0x0000014c95031a80 21116       4       org.gradle.api.internal.artifacts.ivyservice.ivyresolve.ExternalModuleComponentResolverFactory::createResolvers (375 bytes)
Event: 241.598 Thread 0x0000014c950380c0 21118       2       org.gradle.api.internal.artifacts.ivyservice.DefaultResolvedConfiguration::<init> (26 bytes)
Event: 241.598 Thread 0x0000014c950380c0 nmethod 21118 0x0000014ce1908308 code [0x0000014ce1908420, 0x0000014ce1908690]
Event: 241.598 Thread 0x0000014c950380c0 21119       2       org.gradle.api.internal.artifacts.DefaultResolverResults$DefaultLegacyResolverResults::graphResolved (9 bytes)
Event: 241.598 Thread 0x0000014c950380c0 nmethod 21119 0x0000014ce1ad9f88 code [0x0000014ce1ada0a0, 0x0000014ce1ada230]

GC Heap History (20 events):
Event: 125.078 GC heap before
{Heap before GC invocations=46 (full 0):
 garbage-first heap   total reserved 524288K, committed 262144K, used 214252K [0x00000000e0000000, 0x0000000100000000)
  region size 1024K, 153 young (156672K), 8 survivors (8192K)
 Metaspace       used 71903K, committed 74624K, reserved 393216K
  class space    used 10236K, committed 11584K, reserved 327680K
}
Event: 125.084 GC heap after
{Heap after GC invocations=47 (full 0):
 garbage-first heap   total reserved 524288K, committed 262144K, used 60172K [0x00000000e0000000, 0x0000000100000000)
  region size 1024K, 3 young (3072K), 3 survivors (3072K)
 Metaspace       used 71903K, committed 74624K, reserved 393216K
  class space    used 10236K, committed 11584K, reserved 327680K
}
Event: 126.570 GC heap before
{Heap before GC invocations=48 (full 0):
 garbage-first heap   total reserved 524288K, committed 262144K, used 213772K [0x00000000e0000000, 0x0000000100000000)
  region size 1024K, 153 young (156672K), 3 survivors (3072K)
 Metaspace       used 71923K, committed 74624K, reserved 393216K
  class space    used 10236K, committed 11584K, reserved 327680K
}
Event: 126.585 GC heap after
{Heap after GC invocations=49 (full 0):
 garbage-first heap   total reserved 524288K, committed 262144K, used 67282K [0x00000000e0000000, 0x0000000100000000)
  region size 1024K, 10 young (10240K), 10 survivors (10240K)
 Metaspace       used 71923K, committed 74624K, reserved 393216K
  class space    used 10236K, committed 11584K, reserved 327680K
}
Event: 130.066 GC heap before
{Heap before GC invocations=49 (full 0):
 garbage-first heap   total reserved 524288K, committed 262144K, used 212690K [0x00000000e0000000, 0x0000000100000000)
  region size 1024K, 153 young (156672K), 10 survivors (10240K)
 Metaspace       used 71995K, committed 74688K, reserved 393216K
  class space    used 10240K, committed 11584K, reserved 327680K
}
Event: 130.104 GC heap after
{Heap after GC invocations=50 (full 0):
 garbage-first heap   total reserved 524288K, committed 262144K, used 69404K [0x00000000e0000000, 0x0000000100000000)
  region size 1024K, 12 young (12288K), 12 survivors (12288K)
 Metaspace       used 71995K, committed 74688K, reserved 393216K
  class space    used 10240K, committed 11584K, reserved 327680K
}
Event: 133.637 GC heap before
{Heap before GC invocations=50 (full 0):
 garbage-first heap   total reserved 524288K, committed 262144K, used 213788K [0x00000000e0000000, 0x0000000100000000)
  region size 1024K, 153 young (156672K), 12 survivors (12288K)
 Metaspace       used 72053K, committed 74816K, reserved 393216K
  class space    used 10240K, committed 11584K, reserved 327680K
}
Event: 133.646 GC heap after
{Heap after GC invocations=51 (full 0):
 garbage-first heap   total reserved 524288K, committed 262144K, used 62332K [0x00000000e0000000, 0x0000000100000000)
  region size 1024K, 5 young (5120K), 5 survivors (5120K)
 Metaspace       used 72053K, committed 74816K, reserved 393216K
  class space    used 10240K, committed 11584K, reserved 327680K
}
Event: 136.432 GC heap before
{Heap before GC invocations=52 (full 0):
 garbage-first heap   total reserved 524288K, committed 262144K, used 213884K [0x00000000e0000000, 0x0000000100000000)
  region size 1024K, 153 young (156672K), 5 survivors (5120K)
 Metaspace       used 72099K, committed 74816K, reserved 393216K
  class space    used 10240K, committed 11584K, reserved 327680K
}
Event: 136.440 GC heap after
{Heap after GC invocations=53 (full 0):
 garbage-first heap   total reserved 524288K, committed 262144K, used 61615K [0x00000000e0000000, 0x0000000100000000)
  region size 1024K, 4 young (4096K), 4 survivors (4096K)
 Metaspace       used 72099K, committed 74816K, reserved 393216K
  class space    used 10240K, committed 11584K, reserved 327680K
}
Event: 139.521 GC heap before
{Heap before GC invocations=53 (full 0):
 garbage-first heap   total reserved 524288K, committed 262144K, used 214191K [0x00000000e0000000, 0x0000000100000000)
  region size 1024K, 153 young (156672K), 4 survivors (4096K)
 Metaspace       used 72116K, committed 74880K, reserved 393216K
  class space    used 10241K, committed 11584K, reserved 327680K
}
Event: 139.552 GC heap after
{Heap after GC invocations=54 (full 0):
 garbage-first heap   total reserved 524288K, committed 262144K, used 66353K [0x00000000e0000000, 0x0000000100000000)
  region size 1024K, 9 young (9216K), 9 survivors (9216K)
 Metaspace       used 72116K, committed 74880K, reserved 393216K
  class space    used 10241K, committed 11584K, reserved 327680K
}
Event: 142.744 GC heap before
{Heap before GC invocations=54 (full 0):
 garbage-first heap   total reserved 524288K, committed 262144K, used 213809K [0x00000000e0000000, 0x0000000100000000)
  region size 1024K, 153 young (156672K), 9 survivors (9216K)
 Metaspace       used 72173K, committed 74880K, reserved 393216K
  class space    used 10243K, committed 11584K, reserved 327680K
}
Event: 142.757 GC heap after
{Heap after GC invocations=55 (full 0):
 garbage-first heap   total reserved 524288K, committed 262144K, used 65742K [0x00000000e0000000, 0x0000000100000000)
  region size 1024K, 9 young (9216K), 9 survivors (9216K)
 Metaspace       used 72173K, committed 74880K, reserved 393216K
  class space    used 10243K, committed 11584K, reserved 327680K
}
Event: 151.170 GC heap before
{Heap before GC invocations=56 (full 0):
 garbage-first heap   total reserved 524288K, committed 262144K, used 213198K [0x00000000e0000000, 0x0000000100000000)
  region size 1024K, 153 young (156672K), 9 survivors (9216K)
 Metaspace       used 72232K, committed 74944K, reserved 393216K
  class space    used 10246K, committed 11584K, reserved 327680K
}
Event: 151.191 GC heap after
{Heap after GC invocations=57 (full 0):
 garbage-first heap   total reserved 524288K, committed 262144K, used 61285K [0x00000000e0000000, 0x0000000100000000)
  region size 1024K, 4 young (4096K), 4 survivors (4096K)
 Metaspace       used 72232K, committed 74944K, reserved 393216K
  class space    used 10246K, committed 11584K, reserved 327680K
}
Event: 166.153 GC heap before
{Heap before GC invocations=57 (full 0):
 garbage-first heap   total reserved 524288K, committed 262144K, used 213861K [0x00000000e0000000, 0x0000000100000000)
  region size 1024K, 153 young (156672K), 4 survivors (4096K)
 Metaspace       used 72251K, committed 74944K, reserved 393216K
  class space    used 10246K, committed 11584K, reserved 327680K
}
Event: 166.349 GC heap after
{Heap after GC invocations=58 (full 0):
 garbage-first heap   total reserved 524288K, committed 262144K, used 65900K [0x00000000e0000000, 0x0000000100000000)
  region size 1024K, 9 young (9216K), 9 survivors (9216K)
 Metaspace       used 72251K, committed 74944K, reserved 393216K
  class space    used 10246K, committed 11584K, reserved 327680K
}
Event: 238.110 GC heap before
{Heap before GC invocations=58 (full 0):
 garbage-first heap   total reserved 524288K, committed 262144K, used 213356K [0x00000000e0000000, 0x0000000100000000)
  region size 1024K, 153 young (156672K), 9 survivors (9216K)
 Metaspace       used 72467K, committed 75200K, reserved 393216K
  class space    used 10246K, committed 11584K, reserved 327680K
}
Event: 238.252 GC heap after
{Heap after GC invocations=59 (full 0):
 garbage-first heap   total reserved 524288K, committed 262144K, used 64876K [0x00000000e0000000, 0x0000000100000000)
  region size 1024K, 8 young (8192K), 8 survivors (8192K)
 Metaspace       used 72467K, committed 75200K, reserved 393216K
  class space    used 10246K, committed 11584K, reserved 327680K
}

Dll operation events (15 events):
Event: 0.881 Loaded shared library C:\Program Files\Java\jdk-23\bin\java.dll
Event: 0.921 Loaded shared library C:\Program Files\Java\jdk-23\bin\jsvml.dll
Event: 1.114 Loaded shared library C:\Program Files\Java\jdk-23\bin\zip.dll
Event: 1.144 Loaded shared library C:\Program Files\Java\jdk-23\bin\instrument.dll
Event: 1.155 Loaded shared library C:\Program Files\Java\jdk-23\bin\net.dll
Event: 1.169 Loaded shared library C:\Program Files\Java\jdk-23\bin\nio.dll
Event: 1.175 Loaded shared library C:\Program Files\Java\jdk-23\bin\zip.dll
Event: 1.859 Loaded shared library C:\Program Files\Java\jdk-23\bin\jimage.dll
Event: 2.775 Loaded shared library C:\Program Files\Java\jdk-23\bin\verify.dll
Event: 2.857 Loaded shared library C:\Users\ACER\.gradle\native\660c5614fbf4a5f2a75b1949f50a0caf5cd603558e7d8a26e50b933a0cfb79d1\windows-amd64\native-platform.dll
Event: 2.930 Loaded shared library C:\Users\ACER\.gradle\native\0.2.8\x86_64-windows-gnu\gradle-fileevents.dll
Event: 5.060 Loaded shared library C:\Program Files\Java\jdk-23\bin\management.dll
Event: 5.070 Loaded shared library C:\Program Files\Java\jdk-23\bin\management_ext.dll
Event: 5.465 Loaded shared library C:\Program Files\Java\jdk-23\bin\extnet.dll
Event: 6.029 Loaded shared library C:\Program Files\Java\jdk-23\bin\sunmscapi.dll

Deoptimization events (20 events):
Event: 171.303 Thread 0x0000014c9c7a4620 Uncommon trap: trap_request=0xffffffd6 fr.pc=0x0000014cea07a174 relative=0x0000000000000154
Event: 171.303 Thread 0x0000014c9c7a4620 Uncommon trap: reason=array_check action=maybe_recompile pc=0x0000014cea07a174 method=com.google.common.collect.SingletonImmutableSet.copyIntoArray([Ljava/lang/Object;I)I @ 6 c2
Event: 171.303 Thread 0x0000014c9c7a4620 DEOPT PACKING pc=0x0000014cea07a174 sp=0x00000029563fe4c0
Event: 171.303 Thread 0x0000014c9c7a4620 DEOPT UNPACKING pc=0x0000014ce8e44402 sp=0x00000029563fe458 mode 2
Event: 236.476 Thread 0x0000014c9bc07640 Uncommon trap: trap_request=0xffffffbe fr.pc=0x0000014cea0c189c relative=0x000000000000083c
Event: 236.477 Thread 0x0000014c9bc07640 Uncommon trap: reason=profile_predicate action=maybe_recompile pc=0x0000014cea0c189c method=java.util.regex.Pattern$StartS.match(Ljava/util/regex/Matcher;ILjava/lang/CharSequence;)Z @ 34 c2
Event: 236.477 Thread 0x0000014c9bc07640 DEOPT PACKING pc=0x0000014cea0c189c sp=0x00000029553f8f10
Event: 236.479 Thread 0x0000014c9bc07640 DEOPT UNPACKING pc=0x0000014ce8e44402 sp=0x00000029553f8ee0 mode 2
Event: 236.479 Thread 0x0000014c9bc07640 Uncommon trap: trap_request=0xffffffbe fr.pc=0x0000014cea0c189c relative=0x000000000000083c
Event: 236.479 Thread 0x0000014c9bc07640 Uncommon trap: reason=profile_predicate action=maybe_recompile pc=0x0000014cea0c189c method=java.util.regex.Pattern$StartS.match(Ljava/util/regex/Matcher;ILjava/lang/CharSequence;)Z @ 34 c2
Event: 236.479 Thread 0x0000014c9bc07640 DEOPT PACKING pc=0x0000014cea0c189c sp=0x00000029553f8f10
Event: 236.479 Thread 0x0000014c9bc07640 DEOPT UNPACKING pc=0x0000014ce8e44402 sp=0x00000029553f8ee0 mode 2
Event: 237.532 Thread 0x0000014c9bc07640 Uncommon trap: trap_request=0xffffffbe fr.pc=0x0000014cea0c189c relative=0x000000000000083c
Event: 237.532 Thread 0x0000014c9bc07640 Uncommon trap: reason=profile_predicate action=maybe_recompile pc=0x0000014cea0c189c method=java.util.regex.Pattern$StartS.match(Ljava/util/regex/Matcher;ILjava/lang/CharSequence;)Z @ 34 c2
Event: 237.532 Thread 0x0000014c9bc07640 DEOPT PACKING pc=0x0000014cea0c189c sp=0x00000029553f8f10
Event: 237.532 Thread 0x0000014c9bc07640 DEOPT UNPACKING pc=0x0000014ce8e44402 sp=0x00000029553f8ee0 mode 2
Event: 240.737 Thread 0x0000014c9bc07640 Uncommon trap: trap_request=0xffffffbe fr.pc=0x0000014cea0c189c relative=0x000000000000083c
Event: 240.737 Thread 0x0000014c9bc07640 Uncommon trap: reason=profile_predicate action=maybe_recompile pc=0x0000014cea0c189c method=java.util.regex.Pattern$StartS.match(Ljava/util/regex/Matcher;ILjava/lang/CharSequence;)Z @ 34 c2
Event: 240.737 Thread 0x0000014c9bc07640 DEOPT PACKING pc=0x0000014cea0c189c sp=0x00000029553f8c30
Event: 240.737 Thread 0x0000014c9bc07640 DEOPT UNPACKING pc=0x0000014ce8e44402 sp=0x00000029553f8c00 mode 2

Classes loaded (20 events):
Event: 28.398 Loading class java/util/AbstractListCustomizer
Event: 28.398 Loading class java/util/AbstractListCustomizer done
Event: 28.399 Loading class java/util/AbstractSequentialListCustomizer
Event: 28.399 Loading class java/util/AbstractSequentialListCustomizer done
Event: 28.399 Loading class java/util/AbstractSequentialListCustomizer
Event: 28.399 Loading class java/util/AbstractSequentialListCustomizer done
Event: 28.400 Loading class java/util/LinkedListCustomizer
Event: 28.400 Loading class java/util/LinkedListCustomizer done
Event: 28.400 Loading class java/util/LinkedListCustomizer
Event: 28.400 Loading class java/util/LinkedListCustomizer done
Event: 28.446 Loading class java/util/ArrayListBeanInfo
Event: 28.446 Loading class java/util/ArrayListBeanInfo done
Event: 28.446 Loading class java/util/ArrayListBeanInfo
Event: 28.446 Loading class java/util/ArrayListBeanInfo done
Event: 28.446 Loading class java/util/ArrayListCustomizer
Event: 28.446 Loading class java/util/ArrayListCustomizer done
Event: 28.447 Loading class java/util/ArrayListCustomizer
Event: 28.447 Loading class java/util/ArrayListCustomizer done
Event: 116.313 Loading class java/lang/invoke/MethodHandleImpl$CountingWrapper$1
Event: 116.327 Loading class java/lang/invoke/MethodHandleImpl$CountingWrapper$1 done

Classes unloaded (0 events):
No events

Classes redefined (0 events):
No events

Internal exceptions (20 events):
Event: 171.492 Thread 0x0000014c9bc07640 Exception <a 'java/lang/NoClassDefFoundError'{0x00000000ef6405f0}: org/cyclonedx/gradle/CyclonedxPlugin> (0x00000000ef6405f0) 
thrown [s\open\src\hotspot\share\oops\constantPool.cpp, line 867]
Event: 171.492 Thread 0x0000014c9bc07640 Exception <a 'java/lang/NoClassDefFoundError'{0x00000000ef642ca8}: com/google/protobuf/gradle/ProtobufPlugin> (0x00000000ef642ca8) 
thrown [s\open\src\hotspot\share\oops\constantPool.cpp, line 867]
Event: 184.475 Thread 0x0000014c9bc07640 Exception <a 'sun/nio/fs/WindowsException'{0x00000000edcc9018}> (0x00000000edcc9018) 
thrown [s\open\src\hotspot\share\prims\jni.cpp, line 520]
Event: 201.662 Thread 0x0000014c9bc07640 Exception <a 'sun/nio/fs/WindowsException'{0x00000000ed7714b8}> (0x00000000ed7714b8) 
thrown [s\open\src\hotspot\share\prims\jni.cpp, line 520]
Event: 201.663 Thread 0x0000014c9bc07640 Exception <a 'sun/nio/fs/WindowsException'{0x00000000ed772b58}> (0x00000000ed772b58) 
thrown [s\open\src\hotspot\share\prims\jni.cpp, line 520]
Event: 201.663 Thread 0x0000014c9bc07640 Exception <a 'sun/nio/fs/WindowsException'{0x00000000ed7741f0}> (0x00000000ed7741f0) 
thrown [s\open\src\hotspot\share\prims\jni.cpp, line 520]
Event: 201.663 Thread 0x0000014c9bc07640 Exception <a 'sun/nio/fs/WindowsException'{0x00000000ed775558}> (0x00000000ed775558) 
thrown [s\open\src\hotspot\share\prims\jni.cpp, line 520]
Event: 205.904 Thread 0x0000014c9bc07640 Exception <a 'java/lang/NoClassDefFoundError'{0x00000000ed0394e8}: org/jetbrains/kotlin/gradle/plugin/KotlinPluginWrapper> (0x00000000ed0394e8) 
thrown [s\open\src\hotspot\share\oops\constantPool.cpp, line 867]
Event: 205.918 Thread 0x0000014c9bc07640 Exception <a 'java/lang/NoClassDefFoundError'{0x00000000ed03bba0}: org/graalvm/buildtools/gradle/NativeImagePlugin> (0x00000000ed03bba0) 
thrown [s\open\src\hotspot\share\oops\constantPool.cpp, line 867]
Event: 205.918 Thread 0x0000014c9bc07640 Exception <a 'java/lang/NoClassDefFoundError'{0x00000000ed03e248}: org/cyclonedx/gradle/CyclonedxPlugin> (0x00000000ed03e248) 
thrown [s\open\src\hotspot\share\oops\constantPool.cpp, line 867]
Event: 205.919 Thread 0x0000014c9bc07640 Exception <a 'java/lang/NoClassDefFoundError'{0x00000000ed040900}: com/google/protobuf/gradle/ProtobufPlugin> (0x00000000ed040900) 
thrown [s\open\src\hotspot\share\oops\constantPool.cpp, line 867]
Event: 211.865 Thread 0x0000014c9bc07640 Exception <a 'sun/nio/fs/WindowsException'{0x00000000eb6a2910}> (0x00000000eb6a2910) 
thrown [s\open\src\hotspot\share\prims\jni.cpp, line 520]
Event: 220.209 Thread 0x0000014c9bc07640 Exception <a 'sun/nio/fs/WindowsException'{0x00000000eb176270}> (0x00000000eb176270) 
thrown [s\open\src\hotspot\share\prims\jni.cpp, line 520]
Event: 220.214 Thread 0x0000014c9bc07640 Exception <a 'sun/nio/fs/WindowsException'{0x00000000eb177910}> (0x00000000eb177910) 
thrown [s\open\src\hotspot\share\prims\jni.cpp, line 520]
Event: 220.215 Thread 0x0000014c9bc07640 Exception <a 'sun/nio/fs/WindowsException'{0x00000000eb178fa8}> (0x00000000eb178fa8) 
thrown [s\open\src\hotspot\share\prims\jni.cpp, line 520]
Event: 220.217 Thread 0x0000014c9bc07640 Exception <a 'sun/nio/fs/WindowsException'{0x00000000eb17a310}> (0x00000000eb17a310) 
thrown [s\open\src\hotspot\share\prims\jni.cpp, line 520]
Event: 222.333 Thread 0x0000014c9bc07640 Exception <a 'java/lang/NoClassDefFoundError'{0x00000000eabf06c0}: org/jetbrains/kotlin/gradle/plugin/KotlinPluginWrapper> (0x00000000eabf06c0) 
thrown [s\open\src\hotspot\share\oops\constantPool.cpp, line 867]
Event: 222.334 Thread 0x0000014c9bc07640 Exception <a 'java/lang/NoClassDefFoundError'{0x00000000eabf32d8}: org/graalvm/buildtools/gradle/NativeImagePlugin> (0x00000000eabf32d8) 
thrown [s\open\src\hotspot\share\oops\constantPool.cpp, line 867]
Event: 222.334 Thread 0x0000014c9bc07640 Exception <a 'java/lang/NoClassDefFoundError'{0x00000000eabf5ee0}: org/cyclonedx/gradle/CyclonedxPlugin> (0x00000000eabf5ee0) 
thrown [s\open\src\hotspot\share\oops\constantPool.cpp, line 867]
Event: 222.334 Thread 0x0000014c9bc07640 Exception <a 'java/lang/NoClassDefFoundError'{0x00000000eabf8af8}: com/google/protobuf/gradle/ProtobufPlugin> (0x00000000eabf8af8) 
thrown [s\open\src\hotspot\share\oops\constantPool.cpp, line 867]

VM Operations (20 events):
Event: 143.082 Executing VM operation: G1PauseCleanup
Event: 143.082 Executing VM operation: G1PauseCleanup done
Event: 151.169 Executing VM operation: G1CollectForAllocation (G1 Evacuation Pause)
Event: 151.191 Executing VM operation: G1CollectForAllocation (G1 Evacuation Pause) done
Event: 166.152 Executing VM operation: G1CollectForAllocation (G1 Evacuation Pause)
Event: 166.349 Executing VM operation: G1CollectForAllocation (G1 Evacuation Pause) done
Event: 181.410 Executing VM operation: HandshakeAllThreads (HandshakeForDeflation)
Event: 181.410 Executing VM operation: HandshakeAllThreads (HandshakeForDeflation) done
Event: 181.410 Executing VM operation: RendezvousGCThreads
Event: 181.410 Executing VM operation: RendezvousGCThreads done
Event: 237.882 Executing VM operation: G1CollectForAllocation (G1 Evacuation Pause)
Event: 238.252 Executing VM operation: G1CollectForAllocation (G1 Evacuation Pause) done
Event: 238.905 Executing VM operation: G1PauseRemark
Event: 239.246 Executing VM operation: G1PauseRemark done
Event: 239.308 Executing VM operation: G1PauseCleanup
Event: 239.328 Executing VM operation: G1PauseCleanup done
Event: 241.420 Executing VM operation: HandshakeAllThreads (HandshakeForDeflation)
Event: 241.604 Executing VM operation: HandshakeAllThreads (HandshakeForDeflation) done
Event: 241.618 Executing VM operation: RendezvousGCThreads
Event: 241.618 Executing VM operation: RendezvousGCThreads done

Memory protections (0 events):
No events

Nmethod flushes (20 events):
Event: 239.216 Thread 0x0000014cf3f1e9a0 flushing  nmethod 0x0000014ce28e1b88
Event: 239.217 Thread 0x0000014cf3f1e9a0 flushing  nmethod 0x0000014ce2909608
Event: 239.217 Thread 0x0000014cf3f1e9a0 flushing  nmethod 0x0000014ce290df88
Event: 239.217 Thread 0x0000014cf3f1e9a0 flushing  nmethod 0x0000014ce2a40888
Event: 239.218 Thread 0x0000014cf3f1e9a0 flushing  nmethod 0x0000014ce2acde88
Event: 239.218 Thread 0x0000014cf3f1e9a0 flushing  nmethod 0x0000014ce2ace888
Event: 239.218 Thread 0x0000014cf3f1e9a0 flushing  nmethod 0x0000014ce2ad3188
Event: 239.218 Thread 0x0000014cf3f1e9a0 flushing  nmethod 0x0000014ce2ad6508
Event: 239.218 Thread 0x0000014cf3f1e9a0 flushing  nmethod 0x0000014ce2ad6c88
Event: 239.218 Thread 0x0000014cf3f1e9a0 flushing  nmethod 0x0000014ce2b33d88
Event: 239.218 Thread 0x0000014cf3f1e9a0 flushing  nmethod 0x0000014ce2b34e08
Event: 239.218 Thread 0x0000014cf3f1e9a0 flushing  nmethod 0x0000014ce2b88f08
Event: 239.219 Thread 0x0000014cf3f1e9a0 flushing  nmethod 0x0000014ce2c3c908
Event: 239.219 Thread 0x0000014cf3f1e9a0 flushing  nmethod 0x0000014ce2c3d088
Event: 239.219 Thread 0x0000014cf3f1e9a0 flushing  nmethod 0x0000014ce2c62b88
Event: 239.220 Thread 0x0000014cf3f1e9a0 flushing  nmethod 0x0000014ce2cf5b88
Event: 239.220 Thread 0x0000014cf3f1e9a0 flushing  nmethod 0x0000014ce2d92888
Event: 239.221 Thread 0x0000014cf3f1e9a0 flushing  nmethod 0x0000014ce2dc6588
Event: 239.221 Thread 0x0000014cf3f1e9a0 flushing  nmethod 0x0000014ce2dc7708
Event: 239.222 Thread 0x0000014cf3f1e9a0 flushing  nmethod 0x0000014ce2e10e08

Events (20 events):
Event: 212.032 Thread 0x0000014c9c7a4cb0 Thread exited: 0x0000014c9c7a4cb0
Event: 212.041 Thread 0x0000014c9c7a66f0 Thread exited: 0x0000014c9c7a66f0
Event: 212.045 Thread 0x0000014c9c7a4620 Thread exited: 0x0000014c9c7a4620
Event: 218.266 Thread 0x0000014c9bb7fce0 Thread added: 0x0000014c9e919130
Event: 218.644 Thread 0x0000014c9bb7fce0 Thread added: 0x0000014c9e91dff0
Event: 218.656 Thread 0x0000014c9bc07640 Thread added: 0x0000014c9e91cc40
Event: 218.662 Thread 0x0000014c9bc07640 Thread added: 0x0000014c9ecdec20
Event: 218.663 Thread 0x0000014c9bc07640 Thread added: 0x0000014c9ecdc4c0
Event: 219.079 Thread 0x0000014c9bc07640 Thread added: 0x0000014c9ecdd1e0
Event: 219.085 Thread 0x0000014c9bc07640 Thread added: 0x0000014c9ecdcb50
Event: 219.430 Thread 0x0000014c9bc07640 Thread added: 0x0000014c9ece3450
Event: 219.827 Thread 0x0000014c9bc07640 Thread added: 0x0000014c9ece20a0
Event: 219.835 Thread 0x0000014c9bc07640 Thread added: 0x0000014c9ece0cf0
Event: 219.836 Thread 0x0000014c9e91e680 Thread exited: 0x0000014c9e91e680
Event: 219.968 Thread 0x0000014c9e91d960 Thread exited: 0x0000014c9e91d960
Event: 220.186 Thread 0x0000014c9e91b890 Thread exited: 0x0000014c9e91b890
Event: 221.648 Thread 0x0000014c9bc07640 Thread added: 0x0000014c9ece1380
Event: 221.648 Thread 0x0000014c9bc07640 Thread added: 0x0000014c9c7a66f0
Event: 221.649 Thread 0x0000014c9bc07640 Thread added: 0x0000014c9c7a5340
Event: 221.836 Thread 0x0000014c9bc07640 Thread added: 0x0000014c9c7a3270


Dynamic libraries:
0x00007ff7fa7c0000 - 0x00007ff7fa7d0000 	C:\Program Files\Java\jdk-23\bin\java.exe
0x00007fffdd620000 - 0x00007fffdd887000 	C:\WINDOWS\SYSTEM32\ntdll.dll
0x00007fffdc090000 - 0x00007fffdc15b000 	C:\WINDOWS\System32\KERNEL32.DLL
0x00007fffdab60000 - 0x00007fffdaf62000 	C:\WINDOWS\System32\KERNELBASE.dll
0x00007fffdb1e0000 - 0x00007fffdb32c000 	C:\WINDOWS\System32\ucrtbase.dll
0x00007fffcd790000 - 0x00007fffcd7ab000 	C:\Program Files\Java\jdk-23\bin\VCRUNTIME140.dll
0x00007fffcd7b0000 - 0x00007fffcd7c7000 	C:\Program Files\Java\jdk-23\bin\jli.dll
0x00007fffdc3e0000 - 0x00007fffdc5af000 	C:\WINDOWS\System32\USER32.dll
0x00007fffda9a0000 - 0x00007fffda9c7000 	C:\WINDOWS\System32\win32u.dll
0x00007fffc71f0000 - 0x00007fffc7480000 	C:\WINDOWS\WinSxS\amd64_microsoft.windows.common-controls_6595b64144ccf1df_6.0.26100.9278_none_3e0d1ba8e3303201\COMCTL32.dll
0x00007fffdc840000 - 0x00007fffdc86b000 	C:\WINDOWS\System32\GDI32.dll
0x00007fffdc210000 - 0x00007fffdc2b9000 	C:\WINDOWS\System32\msvcrt.dll
0x00007fffdb000000 - 0x00007fffdb129000 	C:\WINDOWS\System32\gdi32full.dll
0x00007fffdb130000 - 0x00007fffdb1d3000 	C:\WINDOWS\System32\msvcp_win.dll
0x00007fffdb540000 - 0x00007fffdb571000 	C:\WINDOWS\System32\IMM32.DLL
0x00007fffcd900000 - 0x00007fffcd90c000 	C:\Program Files\Java\jdk-23\bin\vcruntime140_1.dll
0x00007fff72020000 - 0x00007fff720ae000 	C:\Program Files\Java\jdk-23\bin\msvcp140.dll
0x00007fff4dba0000 - 0x00007fff4e8f0000 	C:\Program Files\Java\jdk-23\bin\server\jvm.dll
0x00007fffdc2c0000 - 0x00007fffdc37c000 	C:\WINDOWS\System32\ADVAPI32.dll
0x00007fffdc160000 - 0x00007fffdc209000 	C:\WINDOWS\System32\sechost.dll
0x00007fffdc720000 - 0x00007fffdc838000 	C:\WINDOWS\System32\RPCRT4.dll
0x00007fffdb340000 - 0x00007fffdb3c0000 	C:\WINDOWS\System32\WS2_32.dll
0x00007fffda680000 - 0x00007fffda6de000 	C:\WINDOWS\SYSTEM32\POWRPROF.dll
0x00007fffc2e80000 - 0x00007fffc2eb6000 	C:\WINDOWS\SYSTEM32\WINMM.dll
0x00007fffcd070000 - 0x00007fffcd07b000 	C:\WINDOWS\SYSTEM32\VERSION.dll
0x00007fffda660000 - 0x00007fffda675000 	C:\WINDOWS\SYSTEM32\UMPDC.dll
0x00007fffd94f0000 - 0x00007fffd950b000 	C:\WINDOWS\SYSTEM32\kernel.appcore.dll
0x00007fffcd780000 - 0x00007fffcd78a000 	C:\Program Files\Java\jdk-23\bin\jimage.dll
0x00007fffc2ed0000 - 0x00007fffc311c000 	C:\WINDOWS\SYSTEM32\DBGHELP.DLL
0x00007fffdcab0000 - 0x00007fffdce35000 	C:\WINDOWS\System32\combase.dll
0x00007fffdc890000 - 0x00007fffdc969000 	C:\WINDOWS\System32\OLEAUT32.dll
0x00007fffad620000 - 0x00007fffad65b000 	C:\WINDOWS\SYSTEM32\dbgcore.DLL
0x00007fffda8e0000 - 0x00007fffda98c000 	C:\WINDOWS\System32\bcryptPrimitives.dll
0x00007fffc7c20000 - 0x00007fffc7c2f000 	C:\Program Files\Java\jdk-23\bin\instrument.dll
0x00007fffc5e30000 - 0x00007fffc5e4e000 	C:\Program Files\Java\jdk-23\bin\java.dll
0x00007fffdbef0000 - 0x00007fffdc08a000 	C:\WINDOWS\System32\ole32.dll
0x00007fffdce40000 - 0x00007fffdd5d8000 	C:\WINDOWS\System32\SHELL32.dll
0x00007fffd82c0000 - 0x00007fffd8b6e000 	C:\WINDOWS\SYSTEM32\windows.storage.dll
0x00007fffdb440000 - 0x00007fffdb53b000 	C:\WINDOWS\System32\SHCORE.dll
0x00007fffdb3d0000 - 0x00007fffdb436000 	C:\WINDOWS\System32\shlwapi.dll
0x00007fffda740000 - 0x00007fffda769000 	C:\WINDOWS\SYSTEM32\profapi.dll
0x00007fff6c690000 - 0x00007fff6c767000 	C:\Program Files\Java\jdk-23\bin\jsvml.dll
0x00007fffc3360000 - 0x00007fffc3377000 	C:\Program Files\Java\jdk-23\bin\zip.dll
0x00007fffc4a70000 - 0x00007fffc4a80000 	C:\Program Files\Java\jdk-23\bin\net.dll
0x00007fffd9ab0000 - 0x00007fffd9b1c000 	C:\WINDOWS\system32\mswsock.dll
0x00007fffb4c90000 - 0x00007fffb4ca6000 	C:\Program Files\Java\jdk-23\bin\nio.dll
0x00007fffc4750000 - 0x00007fffc4760000 	C:\Program Files\Java\jdk-23\bin\verify.dll
0x00007fffcd860000 - 0x00007fffcd887000 	C:\Users\ACER\.gradle\native\660c5614fbf4a5f2a75b1949f50a0caf5cd603558e7d8a26e50b933a0cfb79d1\windows-amd64\native-platform.dll
0x00007fffcd7e0000 - 0x00007fffcd857000 	C:\Users\ACER\.gradle\native\0.2.8\x86_64-windows-gnu\gradle-fileevents.dll
0x00007fffc3350000 - 0x00007fffc335a000 	C:\Program Files\Java\jdk-23\bin\management.dll
0x00007fffbce60000 - 0x00007fffbce6b000 	C:\Program Files\Java\jdk-23\bin\management_ext.dll
0x00007fffdbb30000 - 0x00007fffdbb38000 	C:\WINDOWS\System32\PSAPI.DLL
0x00007fffd8ec0000 - 0x00007fffd8ef3000 	C:\WINDOWS\SYSTEM32\IPHLPAPI.DLL
0x00007fffdc9a0000 - 0x00007fffdc9aa000 	C:\WINDOWS\System32\NSI.dll
0x00007fffb6ea0000 - 0x00007fffb6ea9000 	C:\Program Files\Java\jdk-23\bin\extnet.dll
0x00007fffd9da0000 - 0x00007fffd9dbb000 	C:\WINDOWS\SYSTEM32\CRYPTSP.dll
0x00007fffd9450000 - 0x00007fffd9489000 	C:\WINDOWS\system32\rsaenh.dll
0x00007fffd9b60000 - 0x00007fffd9b94000 	C:\WINDOWS\SYSTEM32\USERENV.dll
0x00007fffda710000 - 0x00007fffda73a000 	C:\WINDOWS\SYSTEM32\bcrypt.dll
0x00007fffd9dc0000 - 0x00007fffd9dcc000 	C:\WINDOWS\SYSTEM32\CRYPTBASE.dll
0x00007fffb3cf0000 - 0x00007fffb3cfe000 	C:\Program Files\Java\jdk-23\bin\sunmscapi.dll
0x00007fffda9d0000 - 0x00007fffdab4e000 	C:\WINDOWS\System32\CRYPT32.dll
0x00007fffd9fe0000 - 0x00007fffda010000 	C:\WINDOWS\SYSTEM32\ncrypt.dll
0x00007fffd9f90000 - 0x00007fffd9fcf000 	C:\WINDOWS\SYSTEM32\NTASN1.dll
0x00007fffcd7d0000 - 0x00007fffcd7d8000 	C:\WINDOWS\system32\wshunix.dll

dbghelp: loaded successfully - version: 4.0.5 - missing functions: none
symbol engine: initialized successfully - sym options: 0x614 - pdb path: .;C:\Program Files\Java\jdk-23\bin;C:\WINDOWS\SYSTEM32;C:\WINDOWS\WinSxS\amd64_microsoft.windows.common-controls_6595b64144ccf1df_6.0.26100.9278_none_3e0d1ba8e3303201;C:\Program Files\Java\jdk-23\bin\server;C:\Users\ACER\.gradle\native\660c5614fbf4a5f2a75b1949f50a0caf5cd603558e7d8a26e50b933a0cfb79d1\windows-amd64;C:\Users\ACER\.gradle\native\0.2.8\x86_64-windows-gnu

VM Arguments:
jvm_args: --add-opens=java.base/java.lang=ALL-UNNAMED --add-opens=java.base/java.lang.invoke=ALL-UNNAMED --add-opens=java.base/java.util=ALL-UNNAMED --add-opens=java.prefs/java.util.prefs=ALL-UNNAMED --add-exports=jdk.compiler/com.sun.tools.javac.api=ALL-UNNAMED --add-exports=jdk.compiler/com.sun.tools.javac.util=ALL-UNNAMED --add-opens=java.base/java.nio.charset=ALL-UNNAMED --add-opens=java.base/java.net=ALL-UNNAMED --add-opens=java.base/java.util.concurrent=ALL-UNNAMED --add-opens=java.base/java.util.concurrent.atomic=ALL-UNNAMED --add-opens=java.xml/javax.xml.namespace=ALL-UNNAMED --add-opens=java.base/java.time=ALL-UNNAMED -XX:MaxMetaspaceSize=384m -XX:+HeapDumpOnOutOfMemoryError -Xms256m -Xmx512m -Dfile.encoding=UTF-8 -Duser.country=CO -Duser.language=es -Duser.variant -javaagent:C:\Users\ACER\.gradle\wrapper\dists\gradle-9.7.1-bin\1w1c7tv4s851m17nbqdsro2tv\gradle-9.7.1\lib\agents\gradle-instrumentation-agent-9.7.1.jar 
java_command: org.gradle.launcher.daemon.bootstrap.GradleDaemon 9.7.1
java_class_path (initial): C:\Users\ACER\.gradle\wrapper\dists\gradle-9.7.1-bin\1w1c7tv4s851m17nbqdsro2tv\gradle-9.7.1\lib\gradle-daemon-main-9.7.1.jar
Launcher Type: SUN_STANDARD

[Global flags]
     intx CICompilerCount                          = 3                                         {product} {ergonomic}
   size_t CompressedClassSpaceSize                 = 335544320                                 {product} {ergonomic}
     uint ConcGCThreads                            = 1                                         {product} {ergonomic}
     uint G1ConcRefinementThreads                  = 4                                         {product} {ergonomic}
   size_t G1HeapRegionSize                         = 1048576                                   {product} {ergonomic}
     bool HeapDumpOnOutOfMemoryError               = true                                   {manageable} {command line}
   size_t InitialHeapSize                          = 268435456                                 {product} {command line}
   size_t MarkStackSize                            = 4194304                                   {product} {ergonomic}
   size_t MarkStackSizeMax                         = 536870912                                 {product} {ergonomic}
   size_t MaxHeapSize                              = 536870912                                 {product} {command line}
   size_t MaxMetaspaceSize                         = 402653184                                 {product} {command line}
   size_t MaxNewSize                               = 321912832                                 {product} {ergonomic}
   size_t MinHeapDeltaBytes                        = 1048576                                   {product} {ergonomic}
   size_t MinHeapSize                              = 268435456                                 {product} {command line}
    uintx NonNMethodCodeHeapSize                   = 5832704                                {pd product} {ergonomic}
    uintx NonProfiledCodeHeapSize                  = 122945536                              {pd product} {ergonomic}
    uintx ProfiledCodeHeapSize                     = 122880000                              {pd product} {ergonomic}
    uintx ReservedCodeCacheSize                    = 251658240                              {pd product} {ergonomic}
     bool SegmentedCodeCache                       = true                                      {product} {ergonomic}
   size_t SoftMaxHeapSize                          = 536870912                              {manageable} {ergonomic}
     bool UseCompressedOops                        = true                           {product lp64_product} {ergonomic}
     bool UseG1GC                                  = true                                      {product} {ergonomic}
     bool UseLargePagesIndividualAllocation        = false                                  {pd product} {ergonomic}

Logging:
Log output configuration:
 #0: stdout all=warning uptime,level,tags foldmultilines=false
 #1: stderr all=off uptime,level,tags foldmultilines=false

Environment Variables:
JAVA_HOME=C:\Program Files\Java\jdk-23
PATH=C:\Users\ACER\bin;C:\Program Files\Git\mingw64\bin;C:\Program Files\Git\usr\local\bin;C:\Program Files\Git\usr\bin;C:\Program Files\Git\usr\bin;C:\Program Files\Git\mingw64\bin;C:\Program Files\Git\usr\bin;C:\Users\ACER\bin;C:\wamp64\bin\php\php8.2.29;C:\Program Files\Common Files\Oracle\Java\javapath;C:\Program Files (x86)\Intel\iCLS Client;C:\Program Files\Intel\iCLS Client;C:\WINDOWS\system32;C:\WINDOWS;C:\WINDOWS\System32\Wbem;C:\WINDOWS\System32\WindowsPowerShell\v1.0;C:\WINDOWS\System32\OpenSSH;C:\Program Files (x86)\Intel\Intel(R) Management Engine Components\DAL;C:\Program Files\Intel\Intel(R) Management Engine Components\DAL;C:\Program Files (x86)\Intel\Intel(R) Management Engine Components\IPT;C:\Program Files\Intel\Intel(R) Management Engine Components\IPT;C:\ProgramData\ComposerSetup\bin;C:\Program Files\nodejs;C:\Program Files\Git\cmd;C:\Users\ACER\.config\herd-lite\bin;C:\Users\ACER\AppData\Local\Programs\Python\Python313\Scripts;C:\Users\ACER\AppData\Local\Programs\Python\Python313;C:\Users\ACER\AppData\Local\Programs\Python\Launcher;C:\Users\ACER\AppData\Local\Microsoft\WindowsApps;C:\Users\ACER\AppData\Local\Programs\Microsoft VS Code\bin;C:\Users\ACER\AppData\Roaming\Composer\vendor\bin;C:\wamp64\bin\php\php8.2.29;C:\Users\ACER\AppData\Roaming\npm;C:\Users\ACER\AppData\Local\Microsoft\WindowsApps;C:\Program Files\Java\jdk-23\bin;C:\Program Files\Git\usr\bin\vendor_perl;C:\Program Files\Git\usr\bin\core_perl
USERNAME=ACER
SHELL=C:\Program Files\Git\usr\bin\bash.exe
DISPLAY=needs-to-be-defined
LANG=es_ES.UTF-8
TERM=xterm-256color
TMPDIR=C:\Users\ACER\AppData\Local\Temp
OS=Windows_NT
PROCESSOR_IDENTIFIER=Intel64 Family 6 Model 142 Stepping 10, GenuineIntel
TMP=C:\Users\ACER\AppData\Local\Temp
TEMP=C:\Users\ACER\AppData\Local\Temp




Periodic native trim disabled

---------------  S Y S T E M  ---------------

OS:
 Windows 11 , 64 bit Build 26100 (10.0.26100.9444)
OS uptime: 0 days 1:11 hours

CPU: total 4 (initial active 4) (2 cores per cpu, 2 threads per core) family 6 model 142 stepping 10 microcode 0xe0, cx8, cmov, fxsr, ht, mmx, 3dnowpref, sse, sse2, sse3, ssse3, sse4.1, sse4.2, popcnt, lzcnt, tsc, tscinvbit, avx, avx2, aes, erms, clmul, bmi1, bmi2, adx, fma, vzeroupper, clflush, clflushopt, rdtscp, f16c
Processor Information for the first 4 processors :
  Max Mhz: 2208, Current Mhz: 2208, Mhz Limit: 2208

Memory: 4k page, system-wide physical 3973M (42M free)
TotalPageFile size 16261M (AvailPageFile size 6M)
current process WorkingSet (physical memory assigned to process): 243M, peak: 491M
current process commit charge ("private bytes"): 554M, peak: 600M

vm_info: Java HotSpot(TM) 64-Bit Server VM (23.0.2+7-58) for windows-amd64 JRE (23.0.2+7-58), built on 2024-11-29T09:34:55Z with MS VC++ 17.6 (VS2022)

END.
